load_seconds=0.0364439
embedding_mapped=0
owned_shared_bytes=0
full_model=0
sample_json={"case":"hf-fixture","repetition":0,"prefill_seconds":0.0056563,"decode_seconds":0.0097475,"prefill_started_unix":1789482658.7742395,"prefill_ended_unix":1789482658.779896,"decode_started_unix":1789482658.7798967,"decode_ended_unix":1789482658.7896442,"decode_steps":7,"generated_ids":[28,48,106,84,28,48,106,84]}
sample_json={"case":"hf-fixture","repetition":1,"prefill_seconds":0.0018527,"decode_seconds":0.0072264,"prefill_started_unix":1789482658.7896936,"prefill_ended_unix":1789482658.7915466,"decode_started_unix":1789482658.7915473,"decode_ended_unix":1789482658.798774,"decode_steps":7,"generated_ids":[28,48,106,84,28,48,106,84]}
scope=fixture_model_decode
output_hash=1f7cd0eb14a22662
correctness_verified=1
decode_steps_min=7
repetitions=2
fixture_decode_tokens_per_s=718.132854578097
uncached_read_bytes=0
uncached_read_fallbacks=0
uncached_read_effective=0
pipelined_read_layers=0
pipeline_reads_effective=0
expert_cache_capacity_bytes=0
expert_cache_retained_bytes=0
expert_cache_hits=0
expert_cache_hit_bytes=0
expert_cache_misses=0
expert_cache_admissions=0
expert_cache_evictions=0
expert_cache_history_resets=0
expert_cache_frequency_decays=0
expert_cache_effective=0
expert_cache_recent_tie_admissions=0
prefill_read_experts=0
prefill_uncached_read_bytes=0
prefill_uncached_read_fallbacks=0
prefill_reads_effective=0
second_prediction_rank_ceiling=2
prediction_read_workers=0
second_prediction_reads_effective=0
second_prediction_read_dispatch_failures=0
second_prediction_read_read_failures=0
second_prediction_read_scheduled=0
second_prediction_read_successful=0
second_prediction_read_unused=0
second_prediction_read_unused_bytes=0
second_prediction_read_useful=0
second_prediction_read_useful_bytes=0
second_prediction_read_worker_failures=0
read_buffer_idle_limit_bytes=268435456
bf16_gemv_min_rows_configured=1
third_prediction_reads_effective=0
third_prediction_read_dispatch_failures=0
third_prediction_read_read_failures=0
third_prediction_read_scheduled=0
third_prediction_read_successful=0
third_prediction_read_unused=0
third_prediction_read_unused_bytes=0
third_prediction_read_useful=0
third_prediction_read_useful_bytes=0
third_prediction_read_worker_failures=0
early_prediction_reads_effective=0
prediction_read_dispatch_failures=0
prediction_read_read_failures=0
prediction_read_scheduled=0
prediction_read_successful=0
prediction_read_unused=0
prediction_read_unused_bytes=0
prediction_read_useful=0
prediction_read_useful_bytes=0
prediction_read_worker_failures=0
prediction_read_effective=0
