**********************************************************************
** Visual Studio 2022 Developer Command Prompt v17.14.37
** Copyright (c) 2025 Microsoft Corporation
**********************************************************************
[vcvarsall.bat] Environment initialized for: 'x64'
warning: unused variable: `idx`
    --> crates\cascadia-ov-genai-shim\src\lib.rs:1451:30
     |
1451 |     pub fn input_name(&self, idx: usize) -> Result<String> {
     |                              ^^^ help: if this is intentional, prefix it with an underscore: `_idx`
     |
     = note: `#[warn(unused_variables)]` (part of `#[warn(unused)]`) on by default

warning: unused variable: `idx`
    --> crates\cascadia-ov-genai-shim\src\lib.rs:1457:31
     |
1457 |     pub fn output_name(&self, idx: usize) -> Result<String> {
     |                               ^^^ help: if this is intentional, prefix it with an underscore: `_idx`

warning: unused variable: `idx`
    --> crates\cascadia-ov-genai-shim\src\lib.rs:1468:33
     |
1468 |     pub fn input_aliases(&self, idx: usize) -> Result<Vec<String>> {
     |                                 ^^^ help: if this is intentional, prefix it with an underscore: `_idx`

warning: unused variable: `idx`
    --> crates\cascadia-ov-genai-shim\src\lib.rs:1477:34
     |
1477 |     pub fn output_aliases(&self, idx: usize) -> Result<Vec<String>> {
     |                                  ^^^ help: if this is intentional, prefix it with an underscore: `_idx`

warning: `cascadia-ov-genai-shim` (lib) generated 4 warnings (run `cargo fix --lib -p cascadia-ov-genai-shim` to apply 4 suggestions)
warning: the usage of Script Group `Greek` in this crate consists solely of mixed script confusables
    --> crates\cascadia-int4-gemm\src\ffn_sparsity.rs:1364:13
     |
1364 |         for τ in [0.05f32, 0.10, 0.20, 0.50, 0.95] {
     |             ^
     |
     = note: the usage includes 'τ' (U+03C4)
     = note: please recheck to make sure their usages are indeed what you want
     = note: `#[warn(mixed_script_confusables)]` on by default

warning: unused import: `crate::kernel_bf16::bf16_gemv_auto`
  --> crates\cascadia-int4-gemm\src\shell_int4.rs:16:5
   |
16 | use crate::kernel_bf16::bf16_gemv_auto;
   |     ^^^^^^^^^^^^^^^^^^^^^^^^^^^^^^^^^^
   |
   = note: `#[warn(unused_imports)]` (part of `#[warn(unused)]`) on by default

warning: `cascadia-int4-gemm` (lib) generated 2 warnings (run `cargo fix --lib -p cascadia-int4-gemm` to apply 1 suggestion)
   Compiling cascadia-engine-sparse-moe v0.2.3 (C:\Users\devcloud\inkling-ep-20260915\repo\crates\cascadia-engine-sparse-moe)
warning: the usage of Script Group `Greek` in this crate consists solely of mixed script confusables
    --> crates\cascadia-engine-sparse-moe\src\runner.rs:1039:30
     |
1039 |                         Some(τ) => cascadia_int4_gemm::SparsityMode::PerChannel(τ),
     |                              ^
     |
     = note: the usage includes 'τ' (U+03C4)
     = note: please recheck to make sure their usages are indeed what you want
     = note: `#[warn(mixed_script_confusables)]` on by default

warning: variable does not need to be mutable
   --> crates\cascadia-engine-sparse-moe\src\inkling\ov_attn.rs:150:13
    |
150 |         let mut compile = |which: &str| -> Result<Runtime, String> {
    |             ----^^^^^^^
    |             |
    |             help: remove this `mut`
    |
    = note: `#[warn(unused_mut)]` (part of `#[warn(unused)]`) on by default

warning: method `selective_uncached` is never used
   --> crates\cascadia-engine-sparse-moe\src\inkling\expert_cache.rs:127:12
    |
 53 | impl ExpertCache {
    | ---------------- method in this implementation
...
127 |     pub fn selective_uncached(
    |            ^^^^^^^^^^^^^^^^^^
    |
    = note: `#[warn(dead_code)]` (part of `#[warn(unused)]`) on by default

warning: `cascadia-engine-sparse-moe` (lib) generated 3 warnings (run `cargo fix --lib -p cascadia-engine-sparse-moe` to apply 1 suggestion)
    Finished `test` profile [unoptimized + debuginfo] target(s) in 4.90s
     Running tests\inkling_ep.rs (C:\Users\devcloud\inkling-ep-20260915\target\debug\deps\inkling_ep-ef7ad1af63c799c3.exe)

running 9 tests
test replicas_avoid_fixed_owner_collisions_and_account_for_worker_cost ... ok
test placement_checks_capacity_coverage_dimensions_and_costs ... ok
test expert_frames_round_trip_over_loopback_with_padding_ok_and_error ... ok
test dispatch_compacts_empty_rows_and_preserves_duplicate_slot_order ... ok
test a_worker_asked_for_an_expert_it_does_not_own_fails_the_dispatch_with_its_message ... ok
test placement_homes_every_expert_on_exactly_one_worker_and_banks_hold_exactly_those ... ok
test replicated_shared_experts_and_layer_placement_preserve_full_model_bits ... ok
test driver_with_two_workers_over_loopback_matches_single_process_bit_for_bit ... ok
test driver_with_two_workers_matches_single_process_on_mmap_experts ... ok

test result: ok. 9 passed; 0 failed; 0 ignored; 0 measured; 0 filtered out; finished in 1.55s

warning: the usage of Script Group `Greek` in this crate consists solely of mixed script confusables
    --> crates\cascadia-int4-gemm\src\ffn_sparsity.rs:1364:13
     |
1364 |         for τ in [0.05f32, 0.10, 0.20, 0.50, 0.95] {
     |             ^
     |
     = note: the usage includes 'τ' (U+03C4)
     = note: please recheck to make sure their usages are indeed what you want
     = note: `#[warn(mixed_script_confusables)]` on by default

warning: unused import: `crate::kernel_bf16::bf16_gemv_auto`
  --> crates\cascadia-int4-gemm\src\shell_int4.rs:16:5
   |
16 | use crate::kernel_bf16::bf16_gemv_auto;
   |     ^^^^^^^^^^^^^^^^^^^^^^^^^^^^^^^^^^
   |
   = note: `#[warn(unused_imports)]` (part of `#[warn(unused)]`) on by default

warning: unused variable: `idx`
    --> crates\cascadia-ov-genai-shim\src\lib.rs:1451:30
     |
1451 |     pub fn input_name(&self, idx: usize) -> Result<String> {
     |                              ^^^ help: if this is intentional, prefix it with an underscore: `_idx`
     |
     = note: `#[warn(unused_variables)]` (part of `#[warn(unused)]`) on by default

warning: unused variable: `idx`
    --> crates\cascadia-ov-genai-shim\src\lib.rs:1457:31
     |
1457 |     pub fn output_name(&self, idx: usize) -> Result<String> {
     |                               ^^^ help: if this is intentional, prefix it with an underscore: `_idx`

warning: unused variable: `idx`
    --> crates\cascadia-ov-genai-shim\src\lib.rs:1468:33
     |
1468 |     pub fn input_aliases(&self, idx: usize) -> Result<Vec<String>> {
     |                                 ^^^ help: if this is intentional, prefix it with an underscore: `_idx`

warning: unused variable: `idx`
    --> crates\cascadia-ov-genai-shim\src\lib.rs:1477:34
     |
1477 |     pub fn output_aliases(&self, idx: usize) -> Result<Vec<String>> {
     |                                  ^^^ help: if this is intentional, prefix it with an underscore: `_idx`

warning: `cascadia-int4-gemm` (lib) generated 2 warnings (run `cargo fix --lib -p cascadia-int4-gemm` to apply 1 suggestion)
warning: `cascadia-ov-genai-shim` (lib) generated 4 warnings (run `cargo fix --lib -p cascadia-ov-genai-shim` to apply 4 suggestions)
warning: the usage of Script Group `Greek` in this crate consists solely of mixed script confusables
    --> crates\cascadia-engine-sparse-moe\src\runner.rs:1039:30
     |
1039 |                         Some(τ) => cascadia_int4_gemm::SparsityMode::PerChannel(τ),
     |                              ^
     |
     = note: the usage includes 'τ' (U+03C4)
     = note: please recheck to make sure their usages are indeed what you want
     = note: `#[warn(mixed_script_confusables)]` on by default

warning: variable does not need to be mutable
   --> crates\cascadia-engine-sparse-moe\src\inkling\ov_attn.rs:150:13
    |
150 |         let mut compile = |which: &str| -> Result<Runtime, String> {
    |             ----^^^^^^^
    |             |
    |             help: remove this `mut`
    |
    = note: `#[warn(unused_mut)]` (part of `#[warn(unused)]`) on by default

warning: method `selective_uncached` is never used
   --> crates\cascadia-engine-sparse-moe\src\inkling\expert_cache.rs:127:12
    |
 53 | impl ExpertCache {
    | ---------------- method in this implementation
...
127 |     pub fn selective_uncached(
    |            ^^^^^^^^^^^^^^^^^^
    |
    = note: `#[warn(dead_code)]` (part of `#[warn(unused)]`) on by default

warning: `cascadia-engine-sparse-moe` (lib) generated 3 warnings (run `cargo fix --lib -p cascadia-engine-sparse-moe` to apply 1 suggestion)
   Compiling cascadia-engine-sparse-moe v0.2.3 (C:\Users\devcloud\inkling-ep-20260915\repo\crates\cascadia-engine-sparse-moe)
    Finished `dev` profile [unoptimized + debuginfo] target(s) in 1.53s
{
  "scope": "tiny_fixture_three_process_expert_parallel_correctness",
  "passed": true,
  "output_hash": "1f7cd0eb14a22662",
  "workers": 3,
  "samples": 2,
  "driver_has_moe_bins": false,
  "workers_have_only_assigned_bins": true,
  "owned_packed_expert_workers": false,
  "performance_claim": "none; loopback processes share one machine's memory bandwidth"
}
{
  "scope": "tiny_fixture_three_process_expert_parallel_correctness",
  "passed": true,
  "output_hash": "1f7cd0eb14a22662",
  "workers": 3,
  "samples": 2,
  "driver_has_moe_bins": false,
  "workers_have_only_assigned_bins": true,
  "owned_packed_expert_workers": true,
  "performance_claim": "none; loopback processes share one machine's memory bandwidth"
}
