load_seconds=39.7795501
embedding_mapped=1
owned_shared_bytes=4076863488
full_model=1
sample_json={"case":"water_cycle","repetition":0,"prefill_seconds":99.9674232,"decode_seconds":106.5523046,"decode_steps":63,"generated_ids":[200004,16,13,623,7334,130824,22410,328,3411,1299,101882,11,60387,11,326,54935,11,24297,20032,3411,316,3716,1511,49667,3411,46102,13,1328,2273,382,4358,172012,11,326,480,40246,36036,26555,1511,290,22137,364,17,13,1877,290,3411,46102,67628,7266,1511,290,17307,11,480,8157,82,326,55580,1602,1511,20049,20032,177617]}
sample_json={"case":"binary_search","repetition":0,"prefill_seconds":109.4460921,"decode_seconds":107.2962976,"decode_steps":63,"generated_ids":[200004,410,25872,3684,410,382,448,12430,22184,395,12129,261,4857,1432,350,3086,425,10857,8162,3518,261,20099,5801,13,21050,328,19141,1753,3577,1001,23541,28925,11,480,45605,144028,290,3684,4918,306,6375,364,103995,31639,220,16,13,16309,4744,394,40977,198,2653,15600,3684,316,1101,20323,11,290,1238,2804,413,734]}
sample_json={"case":"short_story","repetition":0,"prefill_seconds":111.5616233,"decode_seconds":108.6454626,"decode_steps":63,"generated_ids":[200004,976,21975,18157,483,290,69214,11,31313,5083,2870,24266,359,1084,35257,540,290,180069,802,3611,13,137034,11,86333,395,37650,2101,11,20418,290,8851,11022,10731,2322,493,2222,11,17154,2887,8193,11,37361,483,11485,5960,12848,656,16345,326,1058,364,38621,11,290,6651,673,9952,11,6692,88658,10701,13,623,22045]}
sample_json={"case":"water_cycle","repetition":1,"prefill_seconds":106.9227874,"decode_seconds":107.2390501,"decode_steps":63,"generated_ids":[200004,16,13,623,7334,130824,22410,328,3411,1299,101882,11,60387,11,326,54935,11,24297,20032,3411,316,3716,1511,49667,3411,46102,13,1328,2273,382,4358,172012,11,326,480,40246,36036,26555,1511,290,22137,364,17,13,1877,290,3411,46102,67628,7266,1511,290,17307,11,480,8157,82,326,55580,1602,1511,20049,20032,177617]}
sample_json={"case":"binary_search","repetition":1,"prefill_seconds":113.6880342,"decode_seconds":109.4763013,"decode_steps":63,"generated_ids":[200004,410,25872,3684,410,382,448,12430,22184,395,12129,261,4857,1432,350,3086,425,10857,8162,3518,261,20099,5801,13,21050,328,19141,1753,3577,1001,23541,28925,11,480,45605,144028,290,3684,4918,306,6375,364,103995,31639,220,16,13,16309,4744,394,40977,198,2653,15600,3684,316,1101,20323,11,290,1238,2804,413,734]}
sample_json={"case":"short_story","repetition":1,"prefill_seconds":108.242908,"decode_seconds":110.9323408,"decode_steps":63,"generated_ids":[200004,976,21975,18157,483,290,69214,11,31313,5083,2870,24266,359,1084,35257,540,290,180069,802,3611,13,137034,11,86333,395,37650,2101,11,20418,290,8851,11022,10731,2322,493,2222,11,17154,2887,8193,11,37361,483,11485,5960,12848,656,16345,326,1058,364,38621,11,290,6651,673,9952,11,6692,88658,10701,13,623,22045]}
sample_json={"case":"water_cycle","repetition":2,"prefill_seconds":102.3728796,"decode_seconds":107.9226681,"decode_steps":63,"generated_ids":[200004,16,13,623,7334,130824,22410,328,3411,1299,101882,11,60387,11,326,54935,11,24297,20032,3411,316,3716,1511,49667,3411,46102,13,1328,2273,382,4358,172012,11,326,480,40246,36036,26555,1511,290,22137,364,17,13,1877,290,3411,46102,67628,7266,1511,290,17307,11,480,8157,82,326,55580,1602,1511,20049,20032,177617]}
sample_json={"case":"binary_search","repetition":2,"prefill_seconds":111.7144264,"decode_seconds":110.2754308,"decode_steps":63,"generated_ids":[200004,410,25872,3684,410,382,448,12430,22184,395,12129,261,4857,1432,350,3086,425,10857,8162,3518,261,20099,5801,13,21050,328,19141,1753,3577,1001,23541,28925,11,480,45605,144028,290,3684,4918,306,6375,364,103995,31639,220,16,13,16309,4744,394,40977,198,2653,15600,3684,316,1101,20323,11,290,1238,2804,413,734]}
sample_json={"case":"short_story","repetition":2,"prefill_seconds":109.9111987,"decode_seconds":106.0936591,"decode_steps":63,"generated_ids":[200004,976,21975,18157,483,290,69214,11,31313,5083,2870,24266,359,1084,35257,540,290,180069,802,3611,13,137034,11,86333,395,37650,2101,11,20418,290,8851,11022,10731,2322,493,2222,11,17154,2887,8193,11,37361,483,11485,5960,12848,656,16345,326,1058,364,38621,11,290,6651,673,9952,11,6692,88658,10701,13,623,22045]}
scope=full_large_model_decode
output_hash=ce0fbb9a116d3d09
correctness_verified=1
decode_steps_min=63
repetitions=3
decode_tokens_per_s=0.5679137350358697
uncached_read_bytes=6638089273344
uncached_read_fallbacks=0
uncached_read_effective=1
pipelined_read_layers=36288
pipeline_reads_effective=1
