load_seconds=0.0029936
embedding_mapped=1
owned_shared_bytes=20736
full_model=0
sample_json={"case":"tiny_hf_greedy","repetition":0,"prefill_seconds":0.014486,"decode_seconds":0.0067168,"prefill_started_unix":1789374712.1238327,"prefill_ended_unix":1789374712.138319,"decode_started_unix":1789374712.1383197,"decode_ended_unix":1789374712.1450367,"decode_steps":7,"generated_ids":[28,48,106,84,28,48,106,84]}
sample_json={"case":"tiny_hf_greedy","repetition":1,"prefill_seconds":0.0106165,"decode_seconds":0.0053106,"prefill_started_unix":1789374712.1464005,"prefill_ended_unix":1789374712.1570172,"decode_started_unix":1789374712.157018,"decode_ended_unix":1789374712.1623287,"decode_steps":7,"generated_ids":[28,48,106,84,28,48,106,84]}
sample_json={"case":"tiny_hf_greedy","repetition":2,"prefill_seconds":0.0100773,"decode_seconds":0.0053832,"prefill_started_unix":1789374712.162505,"prefill_ended_unix":1789374712.1725824,"decode_started_unix":1789374712.172583,"decode_ended_unix":1789374712.1779666,"decode_steps":7,"generated_ids":[28,48,106,84,28,48,106,84]}
scope=fixture_model_decode
output_hash=1f7cd0eb14a22662
correctness_verified=1
decode_steps_min=7
repetitions=3
fixture_decode_tokens_per_s=1042.1629347308242
uncached_read_bytes=0
uncached_read_fallbacks=16
uncached_read_effective=0
pipelined_read_layers=63
pipeline_reads_effective=1
expert_cache_capacity_bytes=3145728
expert_cache_retained_bytes=55296
expert_cache_hits=110
expert_cache_hit_bytes=380160
expert_cache_misses=16
expert_cache_admissions=16
expert_cache_evictions=0
expert_cache_history_resets=9
expert_cache_frequency_decays=0
expert_cache_effective=1
prefill_read_experts=63
prefill_uncached_read_bytes=0
prefill_uncached_read_fallbacks=63
prefill_reads_effective=1
