load_seconds=0.0014808
embedding_mapped=1
owned_shared_bytes=20736
full_model=0
sample_json={"case":"tiny_hf_greedy","repetition":0,"prefill_seconds":0.0121534,"decode_seconds":0.006241,"prefill_started_unix":1789374712.8262446,"prefill_ended_unix":1789374712.8383982,"decode_started_unix":1789374712.838399,"decode_ended_unix":1789374712.84464,"decode_steps":7,"generated_ids":[28,48,106,84,28,48,106,84]}
sample_json={"case":"tiny_hf_greedy","repetition":1,"prefill_seconds":0.0091009,"decode_seconds":0.0049344,"prefill_started_unix":1789374712.8456223,"prefill_ended_unix":1789374712.8547235,"decode_started_unix":1789374712.8547242,"decode_ended_unix":1789374712.8596587,"decode_steps":7,"generated_ids":[28,48,106,84,28,48,106,84]}
sample_json={"case":"tiny_hf_greedy","repetition":2,"prefill_seconds":0.0097584,"decode_seconds":0.0049499,"prefill_started_unix":1789374712.8598275,"prefill_ended_unix":1789374712.8695862,"decode_started_unix":1789374712.869587,"decode_ended_unix":1789374712.874537,"decode_steps":7,"generated_ids":[28,48,106,84,28,48,106,84]}
scope=fixture_model_decode
output_hash=1f7cd0eb14a22662
correctness_verified=1
decode_steps_min=7
repetitions=3
fixture_decode_tokens_per_s=1121.6151257811248
uncached_read_bytes=0
uncached_read_fallbacks=16
uncached_read_effective=0
pipelined_read_layers=63
pipeline_reads_effective=1
expert_cache_capacity_bytes=3145728
expert_cache_retained_bytes=55296
expert_cache_hits=110
expert_cache_hit_bytes=380160
expert_cache_misses=16
expert_cache_admissions=16
expert_cache_evictions=0
expert_cache_history_resets=9
expert_cache_frequency_decays=0
expert_cache_effective=1
prefill_read_experts=63
prefill_uncached_read_bytes=0
prefill_uncached_read_fallbacks=63
prefill_reads_effective=1
