load_seconds=0.0015457
embedding_mapped=1
owned_shared_bytes=20736
full_model=0
sample_json={"case":"tiny_hf_greedy","repetition":0,"prefill_seconds":0.0134276,"decode_seconds":0.0075031,"prefill_started_unix":1789374713.0525672,"prefill_ended_unix":1789374713.0659955,"decode_started_unix":1789374713.0659962,"decode_ended_unix":1789374713.0734997,"decode_steps":7,"generated_ids":[28,48,106,84,28,48,106,84]}
sample_json={"case":"tiny_hf_greedy","repetition":1,"prefill_seconds":0.0095695,"decode_seconds":0.004993,"prefill_started_unix":1789374713.0751324,"prefill_ended_unix":1789374713.0847023,"decode_started_unix":1789374713.084703,"decode_ended_unix":1789374713.089696,"decode_steps":7,"generated_ids":[28,48,106,84,28,48,106,84]}
sample_json={"case":"tiny_hf_greedy","repetition":2,"prefill_seconds":0.0095684,"decode_seconds":0.0070298,"prefill_started_unix":1789374713.0898898,"prefill_ended_unix":1789374713.099459,"decode_started_unix":1789374713.0994601,"decode_ended_unix":1789374713.1064904,"decode_steps":7,"generated_ids":[28,48,106,84,28,48,106,84]}
scope=fixture_model_decode
output_hash=1f7cd0eb14a22662
correctness_verified=1
decode_steps_min=7
repetitions=3
fixture_decode_tokens_per_s=932.9477149444896
uncached_read_bytes=0
uncached_read_fallbacks=16
uncached_read_effective=0
pipelined_read_layers=63
pipeline_reads_effective=1
expert_cache_capacity_bytes=3145728
expert_cache_retained_bytes=55296
expert_cache_hits=110
expert_cache_hit_bytes=380160
expert_cache_misses=16
expert_cache_admissions=16
expert_cache_evictions=0
expert_cache_history_resets=9
expert_cache_frequency_decays=0
expert_cache_effective=1
prefill_read_experts=63
prefill_uncached_read_bytes=0
prefill_uncached_read_fallbacks=63
prefill_reads_effective=1
