load_seconds=0.0016518
embedding_mapped=1
owned_shared_bytes=20736
full_model=0
sample_json={"case":"tiny_hf_greedy","repetition":0,"prefill_seconds":0.011587,"decode_seconds":0.0064521,"prefill_started_unix":1789378004.724788,"prefill_ended_unix":1789378004.736375,"decode_started_unix":1789378004.7363758,"decode_ended_unix":1789378004.7428284,"decode_steps":7,"generated_ids":[28,48,106,84,28,48,106,84]}
sample_json={"case":"tiny_hf_greedy","repetition":1,"prefill_seconds":0.0099762,"decode_seconds":0.0048734,"prefill_started_unix":1789378004.7434802,"prefill_ended_unix":1789378004.7534566,"decode_started_unix":1789378004.7534575,"decode_ended_unix":1789378004.758331,"decode_steps":7,"generated_ids":[28,48,106,84,28,48,106,84]}
sample_json={"case":"tiny_hf_greedy","repetition":2,"prefill_seconds":0.0091079,"decode_seconds":0.0050039,"prefill_started_unix":1789378004.7585225,"prefill_ended_unix":1789378004.7676306,"decode_started_unix":1789378004.767631,"decode_ended_unix":1789378004.7726352,"decode_steps":7,"generated_ids":[28,48,106,84,28,48,106,84]}
scope=fixture_model_decode
output_hash=1f7cd0eb14a22662
correctness_verified=1
decode_steps_min=7
repetitions=3
fixture_decode_tokens_per_s=1084.9180886843044
uncached_read_bytes=0
uncached_read_fallbacks=16
uncached_read_effective=0
pipelined_read_layers=63
pipeline_reads_effective=1
expert_cache_capacity_bytes=3145728
expert_cache_retained_bytes=55296
expert_cache_hits=110
expert_cache_hit_bytes=380160
expert_cache_misses=16
expert_cache_admissions=16
expert_cache_evictions=0
expert_cache_history_resets=9
expert_cache_frequency_decays=0
expert_cache_effective=1
prefill_read_experts=63
prefill_uncached_read_bytes=0
prefill_uncached_read_fallbacks=63
prefill_reads_effective=1
