load_seconds=37.9832591
embedding_mapped=1
owned_shared_bytes=4076863488
full_model=1
sample_json={"case":"water_cycle","repetition":0,"prefill_seconds":24.2051307,"decode_seconds":64.779578,"prefill_started_unix":1789378109.2753725,"prefill_ended_unix":1789378133.480504,"decode_started_unix":1789378133.4814463,"decode_ended_unix":1789378198.261026,"decode_steps":63,"generated_ids":[200004,16,13,623,7334,130824,22410,328,3411,1299,101882,11,60387,11,326,54935,11,24297,20032,3411,316,3716,1511,49667,3411,46102,13,1328,2273,382,4358,172012,11,326,480,40246,36036,26555,1511,290,22137,364,17,13,1877,290,3411,46102,67628,7266,1511,290,17307,11,480,8157,82,326,55580,1602,1511,20049,20032,177617]}
sample_json={"case":"binary_search","repetition":0,"prefill_seconds":25.1964203,"decode_seconds":67.2288175,"prefill_started_unix":1789378198.2620418,"prefill_ended_unix":1789378223.4584625,"decode_started_unix":1789378223.459403,"decode_ended_unix":1789378290.6882212,"decode_steps":63,"generated_ids":[200004,410,25872,3684,410,382,448,12430,22184,395,12129,261,4857,1432,350,3086,425,10857,8162,3518,261,20099,5801,13,21050,328,19141,1753,3577,1001,23541,28925,11,480,45605,144028,290,3684,4918,306,6375,364,103995,31639,220,16,13,16309,4744,394,40977,198,2653,15600,3684,316,1101,20323,11,290,1238,2804,413,734]}
sample_json={"case":"short_story","repetition":0,"prefill_seconds":24.1859961,"decode_seconds":65.4331013,"prefill_started_unix":1789378290.689041,"prefill_ended_unix":1789378314.8750377,"decode_started_unix":1789378314.8759787,"decode_ended_unix":1789378380.3090806,"decode_steps":63,"generated_ids":[200004,976,21975,18157,483,290,69214,11,31313,5083,2870,24266,359,1084,35257,540,290,180069,802,3611,13,137034,11,86333,395,37650,2101,11,20418,290,8851,11022,10731,2322,493,2222,11,17154,2887,8193,11,37361,483,11485,5960,12848,656,16345,326,1058,364,38621,11,290,6651,673,9952,11,6692,88658,10701,13,623,22045]}
sample_json={"case":"water_cycle","repetition":1,"prefill_seconds":23.8862505,"decode_seconds":61.0878439,"prefill_started_unix":1789378380.3100803,"prefill_ended_unix":1789378404.1963315,"decode_started_unix":1789378404.197272,"decode_ended_unix":1789378465.2851164,"decode_steps":63,"generated_ids":[200004,16,13,623,7334,130824,22410,328,3411,1299,101882,11,60387,11,326,54935,11,24297,20032,3411,316,3716,1511,49667,3411,46102,13,1328,2273,382,4358,172012,11,326,480,40246,36036,26555,1511,290,22137,364,17,13,1877,290,3411,46102,67628,7266,1511,290,17307,11,480,8157,82,326,55580,1602,1511,20049,20032,177617]}
sample_json={"case":"binary_search","repetition":1,"prefill_seconds":25.1655141,"decode_seconds":67.2901267,"prefill_started_unix":1789378465.2858407,"prefill_ended_unix":1789378490.4513557,"decode_started_unix":1789378490.4523017,"decode_ended_unix":1789378557.742429,"decode_steps":63,"generated_ids":[200004,410,25872,3684,410,382,448,12430,22184,395,12129,261,4857,1432,350,3086,425,10857,8162,3518,261,20099,5801,13,21050,328,19141,1753,3577,1001,23541,28925,11,480,45605,144028,290,3684,4918,306,6375,364,103995,31639,220,16,13,16309,4744,394,40977,198,2653,15600,3684,316,1101,20323,11,290,1238,2804,413,734]}
sample_json={"case":"short_story","repetition":1,"prefill_seconds":24.2752816,"decode_seconds":65.4538865,"prefill_started_unix":1789378557.743049,"prefill_ended_unix":1789378582.018331,"decode_started_unix":1789378582.0192754,"decode_ended_unix":1789378647.4731627,"decode_steps":63,"generated_ids":[200004,976,21975,18157,483,290,69214,11,31313,5083,2870,24266,359,1084,35257,540,290,180069,802,3611,13,137034,11,86333,395,37650,2101,11,20418,290,8851,11022,10731,2322,493,2222,11,17154,2887,8193,11,37361,483,11485,5960,12848,656,16345,326,1058,364,38621,11,290,6651,673,9952,11,6692,88658,10701,13,623,22045]}
sample_json={"case":"water_cycle","repetition":2,"prefill_seconds":23.6911844,"decode_seconds":61.2544669,"prefill_started_unix":1789378647.4737487,"prefill_ended_unix":1789378671.1649337,"decode_started_unix":1789378671.1658742,"decode_ended_unix":1789378732.420343,"decode_steps":63,"generated_ids":[200004,16,13,623,7334,130824,22410,328,3411,1299,101882,11,60387,11,326,54935,11,24297,20032,3411,316,3716,1511,49667,3411,46102,13,1328,2273,382,4358,172012,11,326,480,40246,36036,26555,1511,290,22137,364,17,13,1877,290,3411,46102,67628,7266,1511,290,17307,11,480,8157,82,326,55580,1602,1511,20049,20032,177617]}
sample_json={"case":"binary_search","repetition":2,"prefill_seconds":25.0434843,"decode_seconds":67.344937,"prefill_started_unix":1789378732.4210184,"prefill_ended_unix":1789378757.4645035,"decode_started_unix":1789378757.4654152,"decode_ended_unix":1789378824.8103528,"decode_steps":63,"generated_ids":[200004,410,25872,3684,410,382,448,12430,22184,395,12129,261,4857,1432,350,3086,425,10857,8162,3518,261,20099,5801,13,21050,328,19141,1753,3577,1001,23541,28925,11,480,45605,144028,290,3684,4918,306,6375,364,103995,31639,220,16,13,16309,4744,394,40977,198,2653,15600,3684,316,1101,20323,11,290,1238,2804,413,734]}
sample_json={"case":"short_story","repetition":2,"prefill_seconds":24.284648699999998,"decode_seconds":65.3831912,"prefill_started_unix":1789378824.8110843,"prefill_ended_unix":1789378849.0957336,"decode_started_unix":1789378849.0966744,"decode_ended_unix":1789378914.4798663,"decode_steps":63,"generated_ids":[200004,976,21975,18157,483,290,69214,11,31313,5083,2870,24266,359,1084,35257,540,290,180069,802,3611,13,137034,11,86333,395,37650,2101,11,20418,290,8851,11022,10731,2322,493,2222,11,17154,2887,8193,11,37361,483,11485,5960,12848,656,16345,326,1058,364,38621,11,290,6651,673,9952,11,6692,88658,10701,13,623,22045]}
scope=full_large_model_decode
output_hash=ce0fbb9a116d3d09
correctness_verified=1
decode_steps_min=63
repetitions=3
decode_tokens_per_s=0.9354823511082949
uncached_read_bytes=3933313302528
uncached_read_fallbacks=0
uncached_read_effective=1
pipelined_read_layers=36288
pipeline_reads_effective=1
expert_cache_capacity_bytes=17179869184
expert_cache_retained_bytes=16309550592
expert_cache_hits=94235
expert_cache_hit_bytes=3001431490560
expert_cache_misses=123493
expert_cache_admissions=25801
expert_cache_evictions=25289
expert_cache_history_resets=576
expert_cache_frequency_decays=6336
expert_cache_effective=1
prefill_read_experts=40905
prefill_uncached_read_bytes=1302844538880
prefill_uncached_read_fallbacks=0
prefill_reads_effective=1
