load_seconds=0.0022652
embedding_mapped=1
owned_shared_bytes=20736
full_model=0
sample_json={"case":"tiny_hf_greedy","repetition":0,"prefill_seconds":0.0153234,"decode_seconds":0.0097671,"prefill_started_unix":1789379874.4525437,"prefill_ended_unix":1789379874.4678679,"decode_started_unix":1789379874.4678686,"decode_ended_unix":1789379874.4776359,"decode_steps":7,"generated_ids":[28,48,106,84,28,48,106,84]}
sample_json={"case":"tiny_hf_greedy","repetition":1,"prefill_seconds":0.0120602,"decode_seconds":0.0071079,"prefill_started_unix":1789379874.4785447,"prefill_ended_unix":1789379874.4906056,"decode_started_unix":1789379874.4906068,"decode_ended_unix":1789379874.497715,"decode_steps":7,"generated_ids":[28,48,106,84,28,48,106,84]}
sample_json={"case":"tiny_hf_greedy","repetition":2,"prefill_seconds":0.0106652,"decode_seconds":0.0081106,"prefill_started_unix":1789379874.4979012,"prefill_ended_unix":1789379874.5085669,"decode_started_unix":1789379874.5085678,"decode_ended_unix":1789379874.5166786,"decode_steps":7,"generated_ids":[28,48,106,84,28,48,106,84]}
scope=fixture_model_decode
output_hash=1f7cd0eb14a22662
correctness_verified=1
decode_steps_min=7
repetitions=3
fixture_decode_tokens_per_s=716.6917508779474
uncached_read_bytes=0
uncached_read_fallbacks=16
uncached_read_effective=0
pipelined_read_layers=63
pipeline_reads_effective=1
expert_cache_capacity_bytes=3145728
expert_cache_retained_bytes=55296
expert_cache_hits=110
expert_cache_hit_bytes=380160
expert_cache_misses=16
expert_cache_admissions=16
expert_cache_evictions=0
expert_cache_history_resets=9
expert_cache_frequency_decays=0
expert_cache_effective=1
expert_cache_recent_tie_admissions=0
prefill_read_experts=63
prefill_uncached_read_bytes=0
prefill_uncached_read_fallbacks=63
prefill_reads_effective=1
