load_seconds=0.0014488
embedding_mapped=1
owned_shared_bytes=20736
full_model=0
sample_json={"case":"tiny_hf_greedy","repetition":0,"prefill_seconds":0.0129118,"decode_seconds":0.0082936,"prefill_started_unix":1789379875.447602,"prefill_ended_unix":1789379875.460514,"decode_started_unix":1789379875.460515,"decode_ended_unix":1789379875.4688087,"decode_steps":7,"generated_ids":[28,48,106,84,28,48,106,84]}
sample_json={"case":"tiny_hf_greedy","repetition":1,"prefill_seconds":0.011071,"decode_seconds":0.0062887,"prefill_started_unix":1789379875.4702268,"prefill_ended_unix":1789379875.4812984,"decode_started_unix":1789379875.4812992,"decode_ended_unix":1789379875.4875884,"decode_steps":7,"generated_ids":[28,48,106,84,28,48,106,84]}
sample_json={"case":"tiny_hf_greedy","repetition":2,"prefill_seconds":0.0110657,"decode_seconds":0.0075851,"prefill_started_unix":1789379875.48782,"prefill_ended_unix":1789379875.4988859,"decode_started_unix":1789379875.4988868,"decode_ended_unix":1789379875.506472,"decode_steps":7,"generated_ids":[28,48,106,84,28,48,106,84]}
scope=fixture_model_decode
output_hash=1f7cd0eb14a22662
correctness_verified=1
decode_steps_min=7
repetitions=3
fixture_decode_tokens_per_s=844.0243079000676
uncached_read_bytes=0
uncached_read_fallbacks=16
uncached_read_effective=0
pipelined_read_layers=63
pipeline_reads_effective=1
expert_cache_capacity_bytes=3145728
expert_cache_retained_bytes=55296
expert_cache_hits=110
expert_cache_hit_bytes=380160
expert_cache_misses=16
expert_cache_admissions=16
expert_cache_evictions=0
expert_cache_history_resets=0
expert_cache_frequency_decays=3
expert_cache_effective=1
expert_cache_recent_tie_admissions=0
prefill_read_experts=63
prefill_uncached_read_bytes=0
prefill_uncached_read_fallbacks=63
prefill_reads_effective=1
