load_seconds=0.0015391
embedding_mapped=1
owned_shared_bytes=20736
full_model=0
sample_json={"case":"tiny_hf_greedy","repetition":0,"prefill_seconds":0.0145267,"decode_seconds":0.011661,"prefill_started_unix":1789379875.190337,"prefill_ended_unix":1789379875.2048645,"decode_started_unix":1789379875.2048657,"decode_ended_unix":1789379875.216527,"decode_steps":7,"generated_ids":[28,48,106,84,28,48,106,84]}
sample_json={"case":"tiny_hf_greedy","repetition":1,"prefill_seconds":0.012369,"decode_seconds":0.0108455,"prefill_started_unix":1789379875.2180874,"prefill_ended_unix":1789379875.2304573,"decode_started_unix":1789379875.2304585,"decode_ended_unix":1789379875.2413044,"decode_steps":7,"generated_ids":[28,48,106,84,28,48,106,84]}
sample_json={"case":"tiny_hf_greedy","repetition":2,"prefill_seconds":0.0147735,"decode_seconds":0.0100956,"prefill_started_unix":1789379875.2416713,"prefill_ended_unix":1789379875.256445,"decode_started_unix":1789379875.256446,"decode_ended_unix":1789379875.2665417,"decode_steps":7,"generated_ids":[28,48,106,84,28,48,106,84]}
scope=fixture_model_decode
output_hash=1f7cd0eb14a22662
correctness_verified=1
decode_steps_min=7
repetitions=3
fixture_decode_tokens_per_s=600.2915701912358
uncached_read_bytes=0
uncached_read_fallbacks=126
uncached_read_effective=0
pipelined_read_layers=63
pipeline_reads_effective=1
expert_cache_capacity_bytes=0
expert_cache_retained_bytes=0
expert_cache_hits=0
expert_cache_hit_bytes=0
expert_cache_misses=0
expert_cache_admissions=0
expert_cache_evictions=0
expert_cache_history_resets=0
expert_cache_frequency_decays=0
expert_cache_effective=0
expert_cache_recent_tie_admissions=0
prefill_read_experts=63
prefill_uncached_read_bytes=0
prefill_uncached_read_fallbacks=63
prefill_reads_effective=1
