load_seconds=43.0864247
embedding_mapped=1
owned_shared_bytes=4076863488
full_model=1
sample_json={"case":"water_cycle","repetition":0,"prefill_seconds":24.0490563,"decode_seconds":63.2794105,"prefill_started_unix":1789380920.7990487,"prefill_ended_unix":1789380944.848106,"decode_started_unix":1789380944.8490467,"decode_ended_unix":1789381008.1284585,"decode_steps":63,"generated_ids":[200004,16,13,623,7334,130824,22410,328,3411,1299,101882,11,60387,11,326,54935,11,24297,20032,3411,316,3716,1511,49667,3411,46102,13,1328,2273,382,4358,172012,11,326,480,40246,36036,26555,1511,290,22137,364,17,13,1877,290,3411,46102,67628,7266,1511,290,17307,11,480,8157,82,326,55580,1602,1511,20049,20032,177617]}
sample_json={"case":"binary_search","repetition":0,"prefill_seconds":25.2944448,"decode_seconds":65.0459795,"prefill_started_unix":1789381008.1293974,"prefill_ended_unix":1789381033.4238431,"decode_started_unix":1789381033.424794,"decode_ended_unix":1789381098.4707744,"decode_steps":63,"generated_ids":[200004,410,25872,3684,410,382,448,12430,22184,395,12129,261,4857,1432,350,3086,425,10857,8162,3518,261,20099,5801,13,21050,328,19141,1753,3577,1001,23541,28925,11,480,45605,144028,290,3684,4918,306,6375,364,103995,31639,220,16,13,16309,4744,394,40977,198,2653,15600,3684,316,1101,20323,11,290,1238,2804,413,734]}
sample_json={"case":"short_story","repetition":0,"prefill_seconds":24.3341035,"decode_seconds":63.5433837,"prefill_started_unix":1789381098.4713597,"prefill_ended_unix":1789381122.805464,"decode_started_unix":1789381122.8064046,"decode_ended_unix":1789381186.349789,"decode_steps":63,"generated_ids":[200004,976,21975,18157,483,290,69214,11,31313,5083,2870,24266,359,1084,35257,540,290,180069,802,3611,13,137034,11,86333,395,37650,2101,11,20418,290,8851,11022,10731,2322,493,2222,11,17154,2887,8193,11,37361,483,11485,5960,12848,656,16345,326,1058,364,38621,11,290,6651,673,9952,11,6692,88658,10701,13,623,22045]}
sample_json={"case":"water_cycle","repetition":1,"prefill_seconds":23.723853300000002,"decode_seconds":59.5120571,"prefill_started_unix":1789381186.3502724,"prefill_ended_unix":1789381210.0741265,"decode_started_unix":1789381210.0750437,"decode_ended_unix":1789381269.5871024,"decode_steps":63,"generated_ids":[200004,16,13,623,7334,130824,22410,328,3411,1299,101882,11,60387,11,326,54935,11,24297,20032,3411,316,3716,1511,49667,3411,46102,13,1328,2273,382,4358,172012,11,326,480,40246,36036,26555,1511,290,22137,364,17,13,1877,290,3411,46102,67628,7266,1511,290,17307,11,480,8157,82,326,55580,1602,1511,20049,20032,177617]}
sample_json={"case":"binary_search","repetition":1,"prefill_seconds":24.9772264,"decode_seconds":65.2571069,"prefill_started_unix":1789381269.5872765,"prefill_ended_unix":1789381294.5645034,"decode_started_unix":1789381294.5654569,"decode_ended_unix":1789381359.8225644,"decode_steps":63,"generated_ids":[200004,410,25872,3684,410,382,448,12430,22184,395,12129,261,4857,1432,350,3086,425,10857,8162,3518,261,20099,5801,13,21050,328,19141,1753,3577,1001,23541,28925,11,480,45605,144028,290,3684,4918,306,6375,364,103995,31639,220,16,13,16309,4744,394,40977,198,2653,15600,3684,316,1101,20323,11,290,1238,2804,413,734]}
sample_json={"case":"short_story","repetition":1,"prefill_seconds":24.2702974,"decode_seconds":63.530601,"prefill_started_unix":1789381359.823256,"prefill_ended_unix":1789381384.093554,"decode_started_unix":1789381384.094492,"decode_ended_unix":1789381447.6250935,"decode_steps":63,"generated_ids":[200004,976,21975,18157,483,290,69214,11,31313,5083,2870,24266,359,1084,35257,540,290,180069,802,3611,13,137034,11,86333,395,37650,2101,11,20418,290,8851,11022,10731,2322,493,2222,11,17154,2887,8193,11,37361,483,11485,5960,12848,656,16345,326,1058,364,38621,11,290,6651,673,9952,11,6692,88658,10701,13,623,22045]}
sample_json={"case":"water_cycle","repetition":2,"prefill_seconds":23.689436399999998,"decode_seconds":59.4078159,"prefill_started_unix":1789381447.6257086,"prefill_ended_unix":1789381471.3151457,"decode_started_unix":1789381471.3160927,"decode_ended_unix":1789381530.7239094,"decode_steps":63,"generated_ids":[200004,16,13,623,7334,130824,22410,328,3411,1299,101882,11,60387,11,326,54935,11,24297,20032,3411,316,3716,1511,49667,3411,46102,13,1328,2273,382,4358,172012,11,326,480,40246,36036,26555,1511,290,22137,364,17,13,1877,290,3411,46102,67628,7266,1511,290,17307,11,480,8157,82,326,55580,1602,1511,20049,20032,177617]}
sample_json={"case":"binary_search","repetition":2,"prefill_seconds":24.9738319,"decode_seconds":65.085532,"prefill_started_unix":1789381530.7246213,"prefill_ended_unix":1789381555.698454,"decode_started_unix":1789381555.6993947,"decode_ended_unix":1789381620.7849274,"decode_steps":63,"generated_ids":[200004,410,25872,3684,410,382,448,12430,22184,395,12129,261,4857,1432,350,3086,425,10857,8162,3518,261,20099,5801,13,21050,328,19141,1753,3577,1001,23541,28925,11,480,45605,144028,290,3684,4918,306,6375,364,103995,31639,220,16,13,16309,4744,394,40977,198,2653,15600,3684,316,1101,20323,11,290,1238,2804,413,734]}
sample_json={"case":"short_story","repetition":2,"prefill_seconds":24.083694,"decode_seconds":63.4406831,"prefill_started_unix":1789381620.7852798,"prefill_ended_unix":1789381644.8689747,"decode_started_unix":1789381644.8699267,"decode_ended_unix":1789381708.3106115,"decode_steps":63,"generated_ids":[200004,976,21975,18157,483,290,69214,11,31313,5083,2870,24266,359,1084,35257,540,290,180069,802,3611,13,137034,11,86333,395,37650,2101,11,20418,290,8851,11022,10731,2322,493,2222,11,17154,2887,8193,11,37361,483,11485,5960,12848,656,16345,326,1058,364,38621,11,290,6651,673,9952,11,6692,88658,10701,13,623,22045]}
scope=full_large_model_decode
output_hash=ce0fbb9a116d3d09
correctness_verified=1
decode_steps_min=63
repetitions=3
decode_tokens_per_s=0.9654120906178267
uncached_read_bytes=3754377216000
uncached_read_fallbacks=0
uncached_read_effective=1
pipelined_read_layers=36288
pipeline_reads_effective=1
expert_cache_capacity_bytes=17179869184
expert_cache_retained_bytes=16309550592
expert_cache_hits=99853
expert_cache_hit_bytes=3180367577088
expert_cache_misses=117875
expert_cache_admissions=80366
expert_cache_evictions=79854
expert_cache_history_resets=576
expert_cache_frequency_decays=6336
expert_cache_effective=1
expert_cache_recent_tie_admissions=60045
prefill_read_experts=40905
prefill_uncached_read_bytes=1302844538880
prefill_uncached_read_fallbacks=0
prefill_reads_effective=1
