load_seconds=0.011237875
embedding_mapped=1
owned_shared_bytes=20736
full_model=0
sample_json={"case":"tiny_hf_greedy","repetition":0,"prefill_seconds":0.024072833,"decode_seconds":0.011931791,"prefill_started_unix":1789379298.898355,"prefill_ended_unix":1789379298.922428,"decode_started_unix":1789379298.922447,"decode_ended_unix":1789379298.934379,"decode_steps":7,"generated_ids":[28,48,106,84,28,48,106,84]}
sample_json={"case":"tiny_hf_greedy","repetition":1,"prefill_seconds":0.01441325,"decode_seconds":0.008845209,"prefill_started_unix":1789379298.934442,"prefill_ended_unix":1789379298.948856,"decode_started_unix":1789379298.948874,"decode_ended_unix":1789379298.95772,"decode_steps":7,"generated_ids":[28,48,106,84,28,48,106,84]}
sample_json={"case":"tiny_hf_greedy","repetition":2,"prefill_seconds":0.011919584,"decode_seconds":0.00774825,"prefill_started_unix":1789379298.95776,"prefill_ended_unix":1789379298.96968,"decode_started_unix":1789379298.969698,"decode_ended_unix":1789379298.977447,"decode_steps":7,"generated_ids":[28,48,106,84,28,48,106,84]}
scope=fixture_model_decode
output_hash=5122e042f9b1fb30
correctness_verified=1
decode_steps_min=7
repetitions=3
fixture_decode_tokens_per_s=586.668003152251
uncached_read_bytes=0
uncached_read_fallbacks=0
uncached_read_effective=0
pipelined_read_layers=63
pipeline_reads_effective=1
expert_cache_capacity_bytes=3145728
expert_cache_retained_bytes=55296
expert_cache_hits=110
expert_cache_hit_bytes=380160
expert_cache_misses=16
expert_cache_admissions=16
expert_cache_evictions=0
expert_cache_history_resets=9
expert_cache_frequency_decays=0
expert_cache_effective=1
expert_cache_recent_tie_admissions=0
prefill_read_experts=63
prefill_uncached_read_bytes=0
prefill_uncached_read_fallbacks=0
prefill_reads_effective=1
