load_seconds=0.002032375
embedding_mapped=1
owned_shared_bytes=20736
full_model=0
sample_json={"case":"tiny_hf_greedy","repetition":0,"prefill_seconds":0.01105825,"decode_seconds":0.00836525,"prefill_started_unix":1789379299.021325,"prefill_ended_unix":1789379299.032383,"decode_started_unix":1789379299.032401,"decode_ended_unix":1789379299.040766,"decode_steps":7,"generated_ids":[28,48,106,84,28,48,106,84]}
sample_json={"case":"tiny_hf_greedy","repetition":1,"prefill_seconds":0.011170666,"decode_seconds":0.008392708,"prefill_started_unix":1789379299.04081,"prefill_ended_unix":1789379299.051981,"decode_started_unix":1789379299.051999,"decode_ended_unix":1789379299.060392,"decode_steps":7,"generated_ids":[28,48,106,84,28,48,106,84]}
sample_json={"case":"tiny_hf_greedy","repetition":2,"prefill_seconds":0.010982584,"decode_seconds":0.008501541,"prefill_started_unix":1789379299.060409,"prefill_ended_unix":1789379299.071392,"decode_started_unix":1789379299.071409,"decode_ended_unix":1789379299.079911,"decode_steps":7,"generated_ids":[28,48,106,84,28,48,106,84]}
scope=fixture_model_decode
output_hash=5122e042f9b1fb30
correctness_verified=1
decode_steps_min=7
repetitions=3
fixture_decode_tokens_per_s=823.3801377891373
uncached_read_bytes=0
uncached_read_fallbacks=0
uncached_read_effective=0
pipelined_read_layers=63
pipeline_reads_effective=1
expert_cache_capacity_bytes=3145728
expert_cache_retained_bytes=55296
expert_cache_hits=110
expert_cache_hit_bytes=380160
expert_cache_misses=16
expert_cache_admissions=16
expert_cache_evictions=0
expert_cache_history_resets=9
expert_cache_frequency_decays=0
expert_cache_effective=1
expert_cache_recent_tie_admissions=0
prefill_read_experts=63
prefill_uncached_read_bytes=0
prefill_uncached_read_fallbacks=0
prefill_reads_effective=1
