load_seconds=0.010956083
embedding_mapped=1
owned_shared_bytes=20736
full_model=0
sample_json={"case":"tiny_hf_greedy","repetition":0,"prefill_seconds":0.037186459,"decode_seconds":0.01677525,"prefill_started_unix":1789382737.691134,"prefill_ended_unix":1789382737.728321,"decode_started_unix":1789382737.728332,"decode_ended_unix":1789382737.745107,"decode_steps":7,"generated_ids":[28,48,106,84,28,48,106,84]}
sample_json={"case":"tiny_hf_greedy","repetition":1,"prefill_seconds":0.021615708,"decode_seconds":0.012955666,"prefill_started_unix":1789382737.745149,"prefill_ended_unix":1789382737.766765,"decode_started_unix":1789382737.766772,"decode_ended_unix":1789382737.779728,"decode_steps":7,"generated_ids":[28,48,106,84,28,48,106,84]}
sample_json={"case":"tiny_hf_greedy","repetition":2,"prefill_seconds":0.020257417,"decode_seconds":0.013313875,"prefill_started_unix":1789382737.779747,"prefill_ended_unix":1789382737.800005,"decode_started_unix":1789382737.800011,"decode_ended_unix":1789382737.813326,"decode_steps":7,"generated_ids":[28,48,106,84,28,48,106,84]}
scope=fixture_model_decode
output_hash=5122e042f9b1fb30
correctness_verified=1
decode_steps_min=7
repetitions=3
fixture_decode_tokens_per_s=417.28141160340385
uncached_read_bytes=0
uncached_read_fallbacks=0
uncached_read_effective=0
pipelined_read_layers=63
pipeline_reads_effective=1
expert_cache_capacity_bytes=3145728
expert_cache_retained_bytes=55296
expert_cache_hits=110
expert_cache_hit_bytes=380160
expert_cache_misses=16
expert_cache_admissions=16
expert_cache_evictions=0
expert_cache_history_resets=9
expert_cache_frequency_decays=0
expert_cache_effective=1
expert_cache_recent_tie_admissions=0
prefill_read_experts=63
prefill_uncached_read_bytes=0
prefill_uncached_read_fallbacks=0
prefill_reads_effective=1
prediction_read_dispatch_failures=0
prediction_read_read_failures=0
prediction_read_scheduled=0
prediction_read_successful=0
prediction_read_unused=0
prediction_read_unused_bytes=0
prediction_read_useful=0
prediction_read_useful_bytes=0
prediction_read_worker_failures=0
prediction_read_effective=0
