load_seconds=0.001986042
embedding_mapped=1
owned_shared_bytes=20736
full_model=0
sample_json={"case":"tiny_hf_greedy","repetition":0,"prefill_seconds":0.020633709,"decode_seconds":0.01342175,"prefill_started_unix":1789382738.013167,"prefill_ended_unix":1789382738.033802,"decode_started_unix":1789382738.033808,"decode_ended_unix":1789382738.04723,"decode_steps":7,"generated_ids":[28,48,106,84,28,48,106,84]}
sample_json={"case":"tiny_hf_greedy","repetition":1,"prefill_seconds":0.020151125,"decode_seconds":0.013401583,"prefill_started_unix":1789382738.047251,"prefill_ended_unix":1789382738.067403,"decode_started_unix":1789382738.067409,"decode_ended_unix":1789382738.080811,"decode_steps":7,"generated_ids":[28,48,106,84,28,48,106,84]}
sample_json={"case":"tiny_hf_greedy","repetition":2,"prefill_seconds":0.021101333,"decode_seconds":0.013383958,"prefill_started_unix":1789382738.080828,"prefill_ended_unix":1789382738.10193,"decode_started_unix":1789382738.101937,"decode_ended_unix":1789382738.115321,"decode_steps":7,"generated_ids":[28,48,106,84,28,48,106,84]}
scope=fixture_model_decode
output_hash=5122e042f9b1fb30
correctness_verified=1
decode_steps_min=7
repetitions=3
fixture_decode_tokens_per_s=521.5415277441466
uncached_read_bytes=0
uncached_read_fallbacks=0
uncached_read_effective=0
pipelined_read_layers=63
pipeline_reads_effective=1
expert_cache_capacity_bytes=0
expert_cache_retained_bytes=0
expert_cache_hits=0
expert_cache_hit_bytes=0
expert_cache_misses=0
expert_cache_admissions=0
expert_cache_evictions=0
expert_cache_history_resets=0
expert_cache_frequency_decays=0
expert_cache_effective=0
expert_cache_recent_tie_admissions=0
prefill_read_experts=63
prefill_uncached_read_bytes=0
prefill_uncached_read_fallbacks=0
prefill_reads_effective=1
prediction_read_dispatch_failures=0
prediction_read_read_failures=0
prediction_read_scheduled=0
prediction_read_successful=0
prediction_read_unused=0
prediction_read_unused_bytes=0
prediction_read_useful=0
prediction_read_useful_bytes=0
prediction_read_worker_failures=0
prediction_read_effective=0
