load_seconds=0.002009667
embedding_mapped=1
owned_shared_bytes=20736
full_model=0
sample_json={"case":"tiny_hf_greedy","repetition":0,"prefill_seconds":0.020942917,"decode_seconds":0.014143917,"prefill_started_unix":1789382738.15889,"prefill_ended_unix":1789382738.179834,"decode_started_unix":1789382738.179841,"decode_ended_unix":1789382738.193985,"decode_steps":7,"generated_ids":[28,48,106,84,28,48,106,84]}
sample_json={"case":"tiny_hf_greedy","repetition":1,"prefill_seconds":0.020463125,"decode_seconds":0.013982125,"prefill_started_unix":1789382738.194007,"prefill_ended_unix":1789382738.214471,"decode_started_unix":1789382738.214477,"decode_ended_unix":1789382738.228459,"decode_steps":7,"generated_ids":[28,48,106,84,28,48,106,84]}
sample_json={"case":"tiny_hf_greedy","repetition":2,"prefill_seconds":0.021008584,"decode_seconds":0.014085125,"prefill_started_unix":1789382738.228475,"prefill_ended_unix":1789382738.249484,"decode_started_unix":1789382738.249491,"decode_ended_unix":1789382738.263576,"decode_steps":7,"generated_ids":[28,48,106,84,28,48,106,84]}
scope=fixture_model_decode
output_hash=5122e042f9b1fb30
correctness_verified=1
decode_steps_min=7
repetitions=3
fixture_decode_tokens_per_s=494.9124065136977
uncached_read_bytes=0
uncached_read_fallbacks=0
uncached_read_effective=0
pipelined_read_layers=63
pipeline_reads_effective=1
expert_cache_capacity_bytes=0
expert_cache_retained_bytes=0
expert_cache_hits=0
expert_cache_hit_bytes=0
expert_cache_misses=0
expert_cache_admissions=0
expert_cache_evictions=0
expert_cache_history_resets=0
expert_cache_frequency_decays=0
expert_cache_effective=0
expert_cache_recent_tie_admissions=0
prefill_read_experts=63
prefill_uncached_read_bytes=0
prefill_uncached_read_fallbacks=0
prefill_reads_effective=1
prediction_read_dispatch_failures=0
prediction_read_read_failures=0
prediction_read_scheduled=0
prediction_read_successful=0
prediction_read_unused=0
prediction_read_unused_bytes=0
prediction_read_useful=0
prediction_read_useful_bytes=0
prediction_read_worker_failures=0
prediction_read_effective=0
