load_seconds=16.3984909
embedding_mapped=1
owned_shared_bytes=4076863488
full_model=1
sample_json={"case":"water_cycle","repetition":0,"prefill_seconds":24.2320547,"decode_seconds":57.7755439,"prefill_started_unix":1789384979.7587068,"prefill_ended_unix":1789385003.9907634,"decode_started_unix":1789385003.9917133,"decode_ended_unix":1789385061.7672594,"decode_steps":63,"generated_ids":[200004,16,13,623,7334,130824,22410,328,3411,1299,101882,11,60387,11,326,54935,11,24297,20032,3411,316,3716,1511,49667,3411,46102,13,1328,2273,382,4358,172012,11,326,480,40246,36036,26555,1511,290,22137,364,17,13,1877,290,3411,46102,67628,7266,1511,290,17307,11,480,8157,82,326,55580,1602,1511,20049,20032,177617]}
sample_json={"case":"binary_search","repetition":0,"prefill_seconds":25.1705794,"decode_seconds":56.4555195,"prefill_started_unix":1789385061.7681472,"prefill_ended_unix":1789385086.9387276,"decode_started_unix":1789385086.9396806,"decode_ended_unix":1789385143.3952007,"decode_steps":63,"generated_ids":[200004,410,25872,3684,410,382,448,12430,22184,395,12129,261,4857,1432,350,3086,425,10857,8162,3518,261,20099,5801,13,21050,328,19141,1753,3577,1001,23541,28925,11,480,45605,144028,290,3684,4918,306,6375,364,103995,31639,220,16,13,16309,4744,394,40977,198,2653,15600,3684,316,1101,20323,11,290,1238,2804,413,734]}
sample_json={"case":"short_story","repetition":0,"prefill_seconds":24.2588142,"decode_seconds":54.8108747,"prefill_started_unix":1789385143.3958697,"prefill_ended_unix":1789385167.6546848,"decode_started_unix":1789385167.6556373,"decode_ended_unix":1789385222.4665124,"decode_steps":63,"generated_ids":[200004,976,21975,18157,483,290,69214,11,31313,5083,2870,24266,359,1084,35257,540,290,180069,802,3611,13,137034,11,86333,395,37650,2101,11,20418,290,8851,11022,10731,2322,493,2222,11,17154,2887,8193,11,37361,483,11485,5960,12848,656,16345,326,1058,364,38621,11,290,6651,673,9952,11,6692,88658,10701,13,623,22045]}
sample_json={"case":"water_cycle","repetition":1,"prefill_seconds":23.5860068,"decode_seconds":51.2233493,"prefill_started_unix":1789385222.4674578,"prefill_ended_unix":1789385246.0534654,"decode_started_unix":1789385246.0544817,"decode_ended_unix":1789385297.2778318,"decode_steps":63,"generated_ids":[200004,16,13,623,7334,130824,22410,328,3411,1299,101882,11,60387,11,326,54935,11,24297,20032,3411,316,3716,1511,49667,3411,46102,13,1328,2273,382,4358,172012,11,326,480,40246,36036,26555,1511,290,22137,364,17,13,1877,290,3411,46102,67628,7266,1511,290,17307,11,480,8157,82,326,55580,1602,1511,20049,20032,177617]}
sample_json={"case":"binary_search","repetition":1,"prefill_seconds":24.8268972,"decode_seconds":56.4445059,"prefill_started_unix":1789385297.2784054,"prefill_ended_unix":1789385322.1053035,"decode_started_unix":1789385322.1062446,"decode_ended_unix":1789385378.5507514,"decode_steps":63,"generated_ids":[200004,410,25872,3684,410,382,448,12430,22184,395,12129,261,4857,1432,350,3086,425,10857,8162,3518,261,20099,5801,13,21050,328,19141,1753,3577,1001,23541,28925,11,480,45605,144028,290,3684,4918,306,6375,364,103995,31639,220,16,13,16309,4744,394,40977,198,2653,15600,3684,316,1101,20323,11,290,1238,2804,413,734]}
sample_json={"case":"short_story","repetition":1,"prefill_seconds":24.329059,"decode_seconds":54.8203918,"prefill_started_unix":1789385378.5514016,"prefill_ended_unix":1789385402.880461,"decode_started_unix":1789385402.8814178,"decode_ended_unix":1789385457.70181,"decode_steps":63,"generated_ids":[200004,976,21975,18157,483,290,69214,11,31313,5083,2870,24266,359,1084,35257,540,290,180069,802,3611,13,137034,11,86333,395,37650,2101,11,20418,290,8851,11022,10731,2322,493,2222,11,17154,2887,8193,11,37361,483,11485,5960,12848,656,16345,326,1058,364,38621,11,290,6651,673,9952,11,6692,88658,10701,13,623,22045]}
sample_json={"case":"water_cycle","repetition":2,"prefill_seconds":23.6406234,"decode_seconds":51.3292438,"prefill_started_unix":1789385457.7021756,"prefill_ended_unix":1789385481.3428,"decode_started_unix":1789385481.3437421,"decode_ended_unix":1789385532.6729867,"decode_steps":63,"generated_ids":[200004,16,13,623,7334,130824,22410,328,3411,1299,101882,11,60387,11,326,54935,11,24297,20032,3411,316,3716,1511,49667,3411,46102,13,1328,2273,382,4358,172012,11,326,480,40246,36036,26555,1511,290,22137,364,17,13,1877,290,3411,46102,67628,7266,1511,290,17307,11,480,8157,82,326,55580,1602,1511,20049,20032,177617]}
sample_json={"case":"binary_search","repetition":2,"prefill_seconds":24.9963106,"decode_seconds":56.4356649,"prefill_started_unix":1789385532.673676,"prefill_ended_unix":1789385557.6699872,"decode_started_unix":1789385557.6709287,"decode_ended_unix":1789385614.106596,"decode_steps":63,"generated_ids":[200004,410,25872,3684,410,382,448,12430,22184,395,12129,261,4857,1432,350,3086,425,10857,8162,3518,261,20099,5801,13,21050,328,19141,1753,3577,1001,23541,28925,11,480,45605,144028,290,3684,4918,306,6375,364,103995,31639,220,16,13,16309,4744,394,40977,198,2653,15600,3684,316,1101,20323,11,290,1238,2804,413,734]}
sample_json={"case":"short_story","repetition":2,"prefill_seconds":24.2251539,"decode_seconds":54.7840502,"prefill_started_unix":1789385614.1072693,"prefill_ended_unix":1789385638.3324242,"decode_started_unix":1789385638.3333757,"decode_ended_unix":1789385693.1174266,"decode_steps":63,"generated_ids":[200004,976,21975,18157,483,290,69214,11,31313,5083,2870,24266,359,1084,35257,540,290,180069,802,3611,13,137034,11,86333,395,37650,2101,11,20418,290,8851,11022,10731,2322,493,2222,11,17154,2887,8193,11,37361,483,11485,5960,12848,656,16345,326,1058,364,38621,11,290,6651,673,9952,11,6692,88658,10701,13,623,22045]}
scope=full_large_model_decode
output_hash=ce0fbb9a116d3d09
correctness_verified=1
decode_steps_min=63
repetitions=3
decode_tokens_per_s=1.0904267748485879
uncached_read_bytes=3808650461184
uncached_read_fallbacks=0
uncached_read_effective=1
pipelined_read_layers=36288
pipeline_reads_effective=1
expert_cache_capacity_bytes=17179869184
expert_cache_retained_bytes=16309550592
expert_cache_hits=99853
expert_cache_hit_bytes=3180367577088
expert_cache_misses=117875
expert_cache_admissions=80366
expert_cache_evictions=79854
expert_cache_history_resets=576
expert_cache_frequency_decays=6336
expert_cache_effective=1
expert_cache_recent_tie_admissions=60045
prefill_read_experts=40905
prefill_uncached_read_bytes=1302844538880
prefill_uncached_read_fallbacks=0
prefill_reads_effective=1
prediction_read_dispatch_failures=0
prediction_read_read_failures=0
prediction_read_scheduled=35718
prediction_read_successful=35718
prediction_read_unused=1704
prediction_read_unused_bytes=54273245184
prediction_read_useful=34014
prediction_read_useful_bytes=1083362770944
prediction_read_worker_failures=0
prediction_read_effective=1
