load_seconds=0.0014973
embedding_mapped=1
owned_shared_bytes=20736
full_model=0
sample_json={"case":"tiny_hf_greedy","repetition":0,"prefill_seconds":0.0120528,"decode_seconds":0.007371,"prefill_started_unix":1789388204.7396474,"prefill_ended_unix":1789388204.7517009,"decode_started_unix":1789388204.7517014,"decode_ended_unix":1789388204.759076,"decode_steps":7,"generated_ids":[28,48,106,84,28,48,106,84]}
sample_json={"case":"tiny_hf_greedy","repetition":1,"prefill_seconds":0.0094277,"decode_seconds":0.0072124,"prefill_started_unix":1789388204.759819,"prefill_ended_unix":1789388204.769247,"decode_started_unix":1789388204.7692478,"decode_ended_unix":1789388204.7764604,"decode_steps":7,"generated_ids":[28,48,106,84,28,48,106,84]}
sample_json={"case":"tiny_hf_greedy","repetition":2,"prefill_seconds":0.0090988,"decode_seconds":0.0064549,"prefill_started_unix":1789388204.7767942,"prefill_ended_unix":1789388204.7858932,"decode_started_unix":1789388204.7858937,"decode_ended_unix":1789388204.7923489,"decode_steps":7,"generated_ids":[28,48,106,84,28,48,106,84]}
scope=fixture_model_decode
output_hash=1f7cd0eb14a22662
correctness_verified=1
decode_steps_min=7
repetitions=3
fixture_decode_tokens_per_s=949.667616334283
uncached_read_bytes=0
uncached_read_fallbacks=18
uncached_read_effective=0
pipelined_read_layers=63
pipeline_reads_effective=1
expert_cache_capacity_bytes=3145728
expert_cache_retained_bytes=55296
expert_cache_hits=110
expert_cache_hit_bytes=380160
expert_cache_misses=16
expert_cache_admissions=16
expert_cache_evictions=0
expert_cache_history_resets=9
expert_cache_frequency_decays=0
expert_cache_effective=1
expert_cache_recent_tie_admissions=0
prefill_read_experts=63
prefill_uncached_read_bytes=0
prefill_uncached_read_fallbacks=63
prefill_reads_effective=1
early_prediction_reads_effective=0
prediction_read_dispatch_failures=0
prediction_read_read_failures=0
prediction_read_scheduled=13
prediction_read_successful=13
prediction_read_unused=2
prediction_read_unused_bytes=6912
prediction_read_useful=11
prediction_read_useful_bytes=38016
prediction_read_worker_failures=0
prediction_read_effective=1
