load_seconds=0.0016916
embedding_mapped=1
owned_shared_bytes=20736
full_model=0
sample_json={"case":"tiny_hf_greedy","repetition":0,"prefill_seconds":0.0123809,"decode_seconds":0.0044029,"prefill_started_unix":1789388204.996138,"prefill_ended_unix":1789388205.0085194,"decode_started_unix":1789388205.0085206,"decode_ended_unix":1789388205.012927,"decode_steps":7,"generated_ids":[28,48,106,84,28,48,106,84]}
sample_json={"case":"tiny_hf_greedy","repetition":1,"prefill_seconds":0.0105167,"decode_seconds":0.0054622,"prefill_started_unix":1789388205.01408,"prefill_ended_unix":1789388205.0245974,"decode_started_unix":1789388205.0245988,"decode_ended_unix":1789388205.0300617,"decode_steps":7,"generated_ids":[28,48,106,84,28,48,106,84]}
sample_json={"case":"tiny_hf_greedy","repetition":2,"prefill_seconds":0.0078991,"decode_seconds":0.0066032,"prefill_started_unix":1789388205.0303597,"prefill_ended_unix":1789388205.0382593,"decode_started_unix":1789388205.03826,"decode_ended_unix":1789388205.0448637,"decode_steps":7,"generated_ids":[28,48,106,84,28,48,106,84]}
scope=fixture_model_decode
output_hash=1f7cd0eb14a22662
correctness_verified=1
decode_steps_min=7
repetitions=3
fixture_decode_tokens_per_s=1060.0920765689364
uncached_read_bytes=0
uncached_read_fallbacks=22
uncached_read_effective=0
pipelined_read_layers=63
pipeline_reads_effective=1
expert_cache_capacity_bytes=3145728
expert_cache_retained_bytes=55296
expert_cache_hits=110
expert_cache_hit_bytes=380160
expert_cache_misses=16
expert_cache_admissions=16
expert_cache_evictions=0
expert_cache_history_resets=9
expert_cache_frequency_decays=0
expert_cache_effective=1
expert_cache_recent_tie_admissions=0
prefill_read_experts=63
prefill_uncached_read_bytes=0
prefill_uncached_read_fallbacks=63
prefill_reads_effective=1
early_prediction_reads_effective=1
prediction_read_dispatch_failures=0
prediction_read_read_failures=0
prediction_read_scheduled=16
prediction_read_successful=16
prediction_read_unused=6
prediction_read_unused_bytes=20736
prediction_read_useful=10
prediction_read_useful_bytes=34560
prediction_read_worker_failures=0
prediction_read_effective=1
