load_seconds=16.2725851
embedding_mapped=1
owned_shared_bytes=4076863488
full_model=1
sample_json={"case":"water_cycle","repetition":0,"prefill_seconds":24.4752789,"decode_seconds":54.9541873,"prefill_started_unix":1789390604.4438846,"prefill_ended_unix":1789390628.9191647,"decode_started_unix":1789390628.9201183,"decode_ended_unix":1789390683.8743076,"decode_steps":63,"generated_ids":[200004,16,13,623,7334,130824,22410,328,3411,1299,101882,11,60387,11,326,54935,11,24297,20032,3411,316,3716,1511,49667,3411,46102,13,1328,2273,382,4358,172012,11,326,480,40246,36036,26555,1511,290,22137,364,17,13,1877,290,3411,46102,67628,7266,1511,290,17307,11,480,8157,82,326,55580,1602,1511,20049,20032,177617]}
sample_json={"case":"binary_search","repetition":0,"prefill_seconds":24.9746819,"decode_seconds":56.3956113,"prefill_started_unix":1789390683.87546,"prefill_ended_unix":1789390708.8501425,"decode_started_unix":1789390708.851096,"decode_ended_unix":1789390765.246708,"decode_steps":63,"generated_ids":[200004,410,25872,3684,410,382,448,12430,22184,395,12129,261,4857,1432,350,3086,425,10857,8162,3518,261,20099,5801,13,21050,328,19141,1753,3577,1001,23541,28925,11,480,45605,144028,290,3684,4918,306,6375,364,103995,31639,220,16,13,16309,4744,394,40977,198,2653,15600,3684,316,1101,20323,11,290,1238,2804,413,734]}
sample_json={"case":"short_story","repetition":0,"prefill_seconds":24.1569956,"decode_seconds":54.7100207,"prefill_started_unix":1789390765.2472908,"prefill_ended_unix":1789390789.404287,"decode_started_unix":1789390789.4049928,"decode_ended_unix":1789390844.1150157,"decode_steps":63,"generated_ids":[200004,976,21975,18157,483,290,69214,11,31313,5083,2870,24266,359,1084,35257,540,290,180069,802,3611,13,137034,11,86333,395,37650,2101,11,20418,290,8851,11022,10731,2322,493,2222,11,17154,2887,8193,11,37361,483,11485,5960,12848,656,16345,326,1058,364,38621,11,290,6651,673,9952,11,6692,88658,10701,13,623,22045]}
sample_json={"case":"water_cycle","repetition":1,"prefill_seconds":23.8730886,"decode_seconds":51.2301481,"prefill_started_unix":1789390844.115494,"prefill_ended_unix":1789390867.988583,"decode_started_unix":1789390867.9893012,"decode_ended_unix":1789390919.2194495,"decode_steps":63,"generated_ids":[200004,16,13,623,7334,130824,22410,328,3411,1299,101882,11,60387,11,326,54935,11,24297,20032,3411,316,3716,1511,49667,3411,46102,13,1328,2273,382,4358,172012,11,326,480,40246,36036,26555,1511,290,22137,364,17,13,1877,290,3411,46102,67628,7266,1511,290,17307,11,480,8157,82,326,55580,1602,1511,20049,20032,177617]}
sample_json={"case":"binary_search","repetition":1,"prefill_seconds":25.0967275,"decode_seconds":56.2822954,"prefill_started_unix":1789390919.2196214,"prefill_ended_unix":1789390944.3163495,"decode_started_unix":1789390944.3170674,"decode_ended_unix":1789391000.5993633,"decode_steps":63,"generated_ids":[200004,410,25872,3684,410,382,448,12430,22184,395,12129,261,4857,1432,350,3086,425,10857,8162,3518,261,20099,5801,13,21050,328,19141,1753,3577,1001,23541,28925,11,480,45605,144028,290,3684,4918,306,6375,364,103995,31639,220,16,13,16309,4744,394,40977,198,2653,15600,3684,316,1101,20323,11,290,1238,2804,413,734]}
sample_json={"case":"short_story","repetition":1,"prefill_seconds":24.1423809,"decode_seconds":54.6885172,"prefill_started_unix":1789391000.599959,"prefill_ended_unix":1789391024.7423406,"decode_started_unix":1789391024.7432983,"decode_ended_unix":1789391079.4318163,"decode_steps":63,"generated_ids":[200004,976,21975,18157,483,290,69214,11,31313,5083,2870,24266,359,1084,35257,540,290,180069,802,3611,13,137034,11,86333,395,37650,2101,11,20418,290,8851,11022,10731,2322,493,2222,11,17154,2887,8193,11,37361,483,11485,5960,12848,656,16345,326,1058,364,38621,11,290,6651,673,9952,11,6692,88658,10701,13,623,22045]}
sample_json={"case":"water_cycle","repetition":2,"prefill_seconds":23.862846,"decode_seconds":51.1659063,"prefill_started_unix":1789391079.432059,"prefill_ended_unix":1789391103.2949052,"decode_started_unix":1789391103.295623,"decode_ended_unix":1789391154.4615302,"decode_steps":63,"generated_ids":[200004,16,13,623,7334,130824,22410,328,3411,1299,101882,11,60387,11,326,54935,11,24297,20032,3411,316,3716,1511,49667,3411,46102,13,1328,2273,382,4358,172012,11,326,480,40246,36036,26555,1511,290,22137,364,17,13,1877,290,3411,46102,67628,7266,1511,290,17307,11,480,8157,82,326,55580,1602,1511,20049,20032,177617]}
sample_json={"case":"binary_search","repetition":2,"prefill_seconds":25.227058800000002,"decode_seconds":56.4448137,"prefill_started_unix":1789391154.462239,"prefill_ended_unix":1789391179.6892986,"decode_started_unix":1789391179.6900165,"decode_ended_unix":1789391236.1348312,"decode_steps":63,"generated_ids":[200004,410,25872,3684,410,382,448,12430,22184,395,12129,261,4857,1432,350,3086,425,10857,8162,3518,261,20099,5801,13,21050,328,19141,1753,3577,1001,23541,28925,11,480,45605,144028,290,3684,4918,306,6375,364,103995,31639,220,16,13,16309,4744,394,40977,198,2653,15600,3684,316,1101,20323,11,290,1238,2804,413,734]}
sample_json={"case":"short_story","repetition":2,"prefill_seconds":24.276095,"decode_seconds":54.6907438,"prefill_started_unix":1789391236.1350508,"prefill_ended_unix":1789391260.4111466,"decode_started_unix":1789391260.4120984,"decode_ended_unix":1789391315.102844,"decode_steps":63,"generated_ids":[200004,976,21975,18157,483,290,69214,11,31313,5083,2870,24266,359,1084,35257,540,290,180069,802,3611,13,137034,11,86333,395,37650,2101,11,20418,290,8851,11022,10731,2322,493,2222,11,17154,2887,8193,11,37361,483,11485,5960,12848,656,16345,326,1058,364,38621,11,290,6651,673,9952,11,6692,88658,10701,13,623,22045]}
scope=full_large_model_decode
output_hash=ce0fbb9a116d3d09
correctness_verified=1
decode_steps_min=63
repetitions=3
decode_tokens_per_s=1.1161344306111156
uncached_read_bytes=3837602562048
uncached_read_fallbacks=0
uncached_read_effective=1
pipelined_read_layers=36288
pipeline_reads_effective=1
expert_cache_capacity_bytes=17179869184
expert_cache_retained_bytes=16309550592
expert_cache_hits=99853
expert_cache_hit_bytes=3180367577088
expert_cache_misses=117875
expert_cache_admissions=80366
expert_cache_evictions=79854
expert_cache_history_resets=576
expert_cache_frequency_decays=6336
expert_cache_effective=1
expert_cache_recent_tie_admissions=60045
prefill_read_experts=40905
prefill_uncached_read_bytes=1302844538880
prefill_uncached_read_fallbacks=0
prefill_reads_effective=1
prediction_read_workers=2
second_prediction_reads_effective=1
second_prediction_read_dispatch_failures=0
second_prediction_read_read_failures=0
second_prediction_read_scheduled=17434
second_prediction_read_successful=17434
second_prediction_read_unused=909
second_prediction_read_unused_bytes=28952100864
second_prediction_read_useful=16525
second_prediction_read_useful_bytes=526329446400
second_prediction_read_worker_failures=0
early_prediction_reads_effective=0
prediction_read_dispatch_failures=0
prediction_read_read_failures=0
prediction_read_scheduled=53152
prediction_read_successful=53152
prediction_read_unused=2613
prediction_read_unused_bytes=83225346048
prediction_read_useful=50539
prediction_read_useful_bytes=1609692217344
prediction_read_worker_failures=0
prediction_read_effective=1
