load_seconds=0.0019268
embedding_mapped=1
owned_shared_bytes=20736
full_model=0
sample_json={"case":"tiny_hf_greedy","repetition":0,"prefill_seconds":0.012431,"decode_seconds":0.0077239,"prefill_started_unix":1789391440.70428,"prefill_ended_unix":1789391440.7167163,"decode_started_unix":1789391440.716717,"decode_ended_unix":1789391440.7244413,"decode_steps":7,"generated_ids":[28,48,106,84,28,48,106,84]}
sample_json={"case":"tiny_hf_greedy","repetition":1,"prefill_seconds":0.0113629,"decode_seconds":0.0057591,"prefill_started_unix":1789391440.7259045,"prefill_ended_unix":1789391440.7372675,"decode_started_unix":1789391440.7372682,"decode_ended_unix":1789391440.7430274,"decode_steps":7,"generated_ids":[28,48,106,84,28,48,106,84]}
sample_json={"case":"tiny_hf_greedy","repetition":2,"prefill_seconds":0.0103086,"decode_seconds":0.0057948,"prefill_started_unix":1789391440.7432196,"prefill_ended_unix":1789391440.7535284,"decode_started_unix":1789391440.753529,"decode_ended_unix":1789391440.759324,"decode_steps":7,"generated_ids":[28,48,106,84,28,48,106,84]}
scope=fixture_model_decode
output_hash=1f7cd0eb14a22662
correctness_verified=1
decode_steps_min=7
repetitions=3
fixture_decode_tokens_per_s=906.277916596538
uncached_read_bytes=0
uncached_read_fallbacks=16
uncached_read_effective=0
pipelined_read_layers=63
pipeline_reads_effective=1
expert_cache_capacity_bytes=3145728
expert_cache_retained_bytes=55296
expert_cache_hits=110
expert_cache_hit_bytes=380160
expert_cache_misses=16
expert_cache_admissions=16
expert_cache_evictions=0
expert_cache_history_resets=9
expert_cache_frequency_decays=0
expert_cache_effective=1
expert_cache_recent_tie_admissions=0
prefill_read_experts=63
prefill_uncached_read_bytes=0
prefill_uncached_read_fallbacks=63
prefill_reads_effective=1
second_prediction_rank_ceiling=2
prediction_read_workers=0
second_prediction_reads_effective=0
second_prediction_read_dispatch_failures=0
second_prediction_read_read_failures=0
second_prediction_read_scheduled=0
second_prediction_read_successful=0
second_prediction_read_unused=0
second_prediction_read_unused_bytes=0
second_prediction_read_useful=0
second_prediction_read_useful_bytes=0
second_prediction_read_worker_failures=0
early_prediction_reads_effective=0
prediction_read_dispatch_failures=0
prediction_read_read_failures=0
prediction_read_scheduled=0
prediction_read_successful=0
prediction_read_unused=0
prediction_read_unused_bytes=0
prediction_read_useful=0
prediction_read_useful_bytes=0
prediction_read_worker_failures=0
prediction_read_effective=0
