load_seconds=0.00172625
embedding_mapped=1
owned_shared_bytes=20736
full_model=0
sample_json={"case":"tiny_top3_legacy","repetition":0,"prefill_seconds":0.02264075,"decode_seconds":0.014958208,"prefill_started_unix":1789393313.142802,"prefill_ended_unix":1789393313.165443,"decode_started_unix":1789393313.16545,"decode_ended_unix":1789393313.180408,"decode_steps":7,"generated_ids":[28,48,106,84,28,48,106,84]}
sample_json={"case":"tiny_top3_legacy","repetition":1,"prefill_seconds":0.022152833,"decode_seconds":0.014939125,"prefill_started_unix":1789393313.180429,"prefill_ended_unix":1789393313.202582,"decode_started_unix":1789393313.202589,"decode_ended_unix":1789393313.217528,"decode_steps":7,"generated_ids":[28,48,106,84,28,48,106,84]}
sample_json={"case":"tiny_top3_legacy","repetition":2,"prefill_seconds":0.021646083,"decode_seconds":0.014534583,"prefill_started_unix":1789393313.217545,"prefill_ended_unix":1789393313.239191,"decode_started_unix":1789393313.239198,"decode_ended_unix":1789393313.253733,"decode_steps":7,"generated_ids":[28,48,106,84,28,48,106,84]}
scope=fixture_model_decode
output_hash=cab94449a78517d3
correctness_verified=1
decode_steps_min=7
repetitions=3
fixture_decode_tokens_per_s=467.9704948614165
uncached_read_bytes=0
uncached_read_fallbacks=0
uncached_read_effective=0
pipelined_read_layers=63
pipeline_reads_effective=1
expert_cache_capacity_bytes=3145728
expert_cache_retained_bytes=69120
expert_cache_hits=169
expert_cache_hit_bytes=584064
expert_cache_misses=20
expert_cache_admissions=20
expert_cache_evictions=0
expert_cache_history_resets=9
expert_cache_frequency_decays=0
expert_cache_effective=1
expert_cache_recent_tie_admissions=0
prefill_read_experts=72
prefill_uncached_read_bytes=0
prefill_uncached_read_fallbacks=0
prefill_reads_effective=1
second_prediction_rank_ceiling=2
prediction_read_workers=1
second_prediction_reads_effective=0
second_prediction_read_dispatch_failures=0
second_prediction_read_read_failures=0
second_prediction_read_scheduled=0
second_prediction_read_successful=0
second_prediction_read_unused=0
second_prediction_read_unused_bytes=0
second_prediction_read_useful=0
second_prediction_read_useful_bytes=0
second_prediction_read_worker_failures=0
read_buffer_idle_limit_bytes=268435456
third_prediction_reads_effective=0
third_prediction_read_dispatch_failures=0
third_prediction_read_read_failures=0
third_prediction_read_scheduled=0
third_prediction_read_successful=0
third_prediction_read_unused=0
third_prediction_read_unused_bytes=0
third_prediction_read_useful=0
third_prediction_read_useful_bytes=0
third_prediction_read_worker_failures=0
early_prediction_reads_effective=0
prediction_read_dispatch_failures=0
prediction_read_read_failures=0
prediction_read_scheduled=11
prediction_read_successful=11
prediction_read_unused=0
prediction_read_unused_bytes=0
prediction_read_useful=11
prediction_read_useful_bytes=38016
prediction_read_worker_failures=0
prediction_read_effective=1
