load_seconds=0.001772542
embedding_mapped=1
owned_shared_bytes=20736
full_model=0
sample_json={"case":"tiny_top3_legacy","repetition":0,"prefill_seconds":0.022200041,"decode_seconds":0.014706125,"prefill_started_unix":1789392915.076301,"prefill_ended_unix":1789392915.098501,"decode_started_unix":1789392915.098508,"decode_ended_unix":1789392915.113214,"decode_steps":7,"generated_ids":[28,48,106,84,28,48,106,84]}
sample_json={"case":"tiny_top3_legacy","repetition":1,"prefill_seconds":0.022202583,"decode_seconds":0.01444475,"prefill_started_unix":1789392915.113237,"prefill_ended_unix":1789392915.13544,"decode_started_unix":1789392915.135446,"decode_ended_unix":1789392915.149891,"decode_steps":7,"generated_ids":[28,48,106,84,28,48,106,84]}
sample_json={"case":"tiny_top3_legacy","repetition":2,"prefill_seconds":0.0220085,"decode_seconds":0.014379958,"prefill_started_unix":1789392915.149908,"prefill_ended_unix":1789392915.171917,"decode_started_unix":1789392915.171924,"decode_ended_unix":1789392915.186304,"decode_steps":7,"generated_ids":[28,48,106,84,28,48,106,84]}
scope=fixture_model_decode
output_hash=cab94449a78517d3
correctness_verified=1
decode_steps_min=7
repetitions=3
fixture_decode_tokens_per_s=475.99214612958883
uncached_read_bytes=0
uncached_read_fallbacks=0
uncached_read_effective=0
pipelined_read_layers=63
pipeline_reads_effective=1
expert_cache_capacity_bytes=3145728
expert_cache_retained_bytes=69120
expert_cache_hits=169
expert_cache_hit_bytes=584064
expert_cache_misses=20
expert_cache_admissions=20
expert_cache_evictions=0
expert_cache_history_resets=9
expert_cache_frequency_decays=0
expert_cache_effective=1
expert_cache_recent_tie_admissions=0
prefill_read_experts=72
prefill_uncached_read_bytes=0
prefill_uncached_read_fallbacks=0
prefill_reads_effective=1
second_prediction_rank_ceiling=2
prediction_read_workers=0
second_prediction_reads_effective=0
second_prediction_read_dispatch_failures=0
second_prediction_read_read_failures=0
second_prediction_read_scheduled=0
second_prediction_read_successful=0
second_prediction_read_unused=0
second_prediction_read_unused_bytes=0
second_prediction_read_useful=0
second_prediction_read_useful_bytes=0
second_prediction_read_worker_failures=0
early_prediction_reads_effective=0
prediction_read_dispatch_failures=0
prediction_read_read_failures=0
prediction_read_scheduled=0
prediction_read_successful=0
prediction_read_unused=0
prediction_read_unused_bytes=0
prediction_read_useful=0
prediction_read_useful_bytes=0
prediction_read_worker_failures=0
prediction_read_effective=0
