load_seconds=0.002046208
embedding_mapped=1
owned_shared_bytes=20736
full_model=0
sample_json={"case":"tiny_hf_greedy","repetition":0,"prefill_seconds":0.020800458,"decode_seconds":0.01419275,"prefill_started_unix":1789393311.839424,"prefill_ended_unix":1789393311.860225,"decode_started_unix":1789393311.860232,"decode_ended_unix":1789393311.874425,"decode_steps":7,"generated_ids":[28,48,106,84,28,48,106,84]}
sample_json={"case":"tiny_hf_greedy","repetition":1,"prefill_seconds":0.020210375,"decode_seconds":0.014192458,"prefill_started_unix":1789393311.87445,"prefill_ended_unix":1789393311.89466,"decode_started_unix":1789393311.894667,"decode_ended_unix":1789393311.90886,"decode_steps":7,"generated_ids":[28,48,106,84,28,48,106,84]}
sample_json={"case":"tiny_hf_greedy","repetition":2,"prefill_seconds":0.020772458,"decode_seconds":0.014163083,"prefill_started_unix":1789393311.908876,"prefill_ended_unix":1789393311.929649,"decode_started_unix":1789393311.929656,"decode_ended_unix":1789393311.943819,"decode_steps":7,"generated_ids":[28,48,106,84,28,48,106,84]}
scope=fixture_model_decode
output_hash=5122e042f9b1fb30
correctness_verified=1
decode_steps_min=7
repetitions=3
fixture_decode_tokens_per_s=493.2095612196368
uncached_read_bytes=0
uncached_read_fallbacks=0
uncached_read_effective=0
pipelined_read_layers=63
pipeline_reads_effective=1
expert_cache_capacity_bytes=3145728
expert_cache_retained_bytes=55296
expert_cache_hits=110
expert_cache_hit_bytes=380160
expert_cache_misses=16
expert_cache_admissions=16
expert_cache_evictions=0
expert_cache_history_resets=9
expert_cache_frequency_decays=0
expert_cache_effective=1
expert_cache_recent_tie_admissions=0
prefill_read_experts=63
prefill_uncached_read_bytes=0
prefill_uncached_read_fallbacks=0
prefill_reads_effective=1
second_prediction_rank_ceiling=1
prediction_read_workers=2
second_prediction_reads_effective=1
second_prediction_read_dispatch_failures=0
second_prediction_read_read_failures=0
second_prediction_read_scheduled=6
second_prediction_read_successful=6
second_prediction_read_unused=1
second_prediction_read_unused_bytes=3456
second_prediction_read_useful=5
second_prediction_read_useful_bytes=17280
second_prediction_read_worker_failures=0
read_buffer_idle_limit_bytes=268435456
third_prediction_reads_effective=0
third_prediction_read_dispatch_failures=0
third_prediction_read_read_failures=0
third_prediction_read_scheduled=0
third_prediction_read_successful=0
third_prediction_read_unused=0
third_prediction_read_unused_bytes=0
third_prediction_read_useful=0
third_prediction_read_useful_bytes=0
third_prediction_read_worker_failures=0
early_prediction_reads_effective=0
prediction_read_dispatch_failures=0
prediction_read_read_failures=0
prediction_read_scheduled=19
prediction_read_successful=19
prediction_read_unused=3
prediction_read_unused_bytes=10368
prediction_read_useful=16
prediction_read_useful_bytes=55296
prediction_read_worker_failures=0
prediction_read_effective=1
