load_seconds=0.012592375
embedding_mapped=1
owned_shared_bytes=20736
full_model=0
sample_json={"case":"tiny_hf_greedy","repetition":0,"prefill_seconds":0.039026291,"decode_seconds":0.016869833,"prefill_started_unix":1789393310.648891,"prefill_ended_unix":1789393310.687918,"decode_started_unix":1789393310.68793,"decode_ended_unix":1789393310.7048,"decode_steps":7,"generated_ids":[28,48,106,84,28,48,106,84]}
sample_json={"case":"tiny_hf_greedy","repetition":1,"prefill_seconds":0.021959833,"decode_seconds":0.013368833,"prefill_started_unix":1789393310.704856,"prefill_ended_unix":1789393310.726816,"decode_started_unix":1789393310.726823,"decode_ended_unix":1789393310.740192,"decode_steps":7,"generated_ids":[28,48,106,84,28,48,106,84]}
sample_json={"case":"tiny_hf_greedy","repetition":2,"prefill_seconds":0.020738125,"decode_seconds":0.013049792,"prefill_started_unix":1789393310.740226,"prefill_ended_unix":1789393310.760964,"decode_started_unix":1789393310.760971,"decode_ended_unix":1789393310.77402,"decode_steps":7,"generated_ids":[28,48,106,84,28,48,106,84]}
scope=fixture_model_decode
output_hash=5122e042f9b1fb30
correctness_verified=1
decode_steps_min=7
repetitions=3
fixture_decode_tokens_per_s=414.9418669408286
uncached_read_bytes=0
uncached_read_fallbacks=0
uncached_read_effective=0
pipelined_read_layers=63
pipeline_reads_effective=1
expert_cache_capacity_bytes=3145728
expert_cache_retained_bytes=55296
expert_cache_hits=110
expert_cache_hit_bytes=380160
expert_cache_misses=16
expert_cache_admissions=16
expert_cache_evictions=0
expert_cache_history_resets=9
expert_cache_frequency_decays=0
expert_cache_effective=1
expert_cache_recent_tie_admissions=0
prefill_read_experts=63
prefill_uncached_read_bytes=0
prefill_uncached_read_fallbacks=0
prefill_reads_effective=1
second_prediction_rank_ceiling=2
prediction_read_workers=0
second_prediction_reads_effective=0
second_prediction_read_dispatch_failures=0
second_prediction_read_read_failures=0
second_prediction_read_scheduled=0
second_prediction_read_successful=0
second_prediction_read_unused=0
second_prediction_read_unused_bytes=0
second_prediction_read_useful=0
second_prediction_read_useful_bytes=0
second_prediction_read_worker_failures=0
read_buffer_idle_limit_bytes=268435456
third_prediction_reads_effective=0
third_prediction_read_dispatch_failures=0
third_prediction_read_read_failures=0
third_prediction_read_scheduled=0
third_prediction_read_successful=0
third_prediction_read_unused=0
third_prediction_read_unused_bytes=0
third_prediction_read_useful=0
third_prediction_read_useful_bytes=0
third_prediction_read_worker_failures=0
early_prediction_reads_effective=0
prediction_read_dispatch_failures=0
prediction_read_read_failures=0
prediction_read_scheduled=0
prediction_read_successful=0
prediction_read_unused=0
prediction_read_unused_bytes=0
prediction_read_useful=0
prediction_read_useful_bytes=0
prediction_read_worker_failures=0
prediction_read_effective=0
