load_seconds=0.002038709
embedding_mapped=1
owned_shared_bytes=20736
full_model=0
sample_json={"case":"tiny_hf_greedy","repetition":0,"prefill_seconds":0.02090875,"decode_seconds":0.0142325,"prefill_started_unix":1789393311.410301,"prefill_ended_unix":1789393311.43121,"decode_started_unix":1789393311.431217,"decode_ended_unix":1789393311.445449,"decode_steps":7,"generated_ids":[28,48,106,84,28,48,106,84]}
sample_json={"case":"tiny_hf_greedy","repetition":1,"prefill_seconds":0.02051375,"decode_seconds":0.013981708,"prefill_started_unix":1789393311.445477,"prefill_ended_unix":1789393311.465991,"decode_started_unix":1789393311.465998,"decode_ended_unix":1789393311.479979,"decode_steps":7,"generated_ids":[28,48,106,84,28,48,106,84]}
sample_json={"case":"tiny_hf_greedy","repetition":2,"prefill_seconds":0.019756792,"decode_seconds":0.014049,"prefill_started_unix":1789393311.480001,"prefill_ended_unix":1789393311.499759,"decode_started_unix":1789393311.499765,"decode_ended_unix":1789393311.513814,"decode_steps":7,"generated_ids":[28,48,106,84,28,48,106,84]}
scope=fixture_model_decode
output_hash=5122e042f9b1fb30
correctness_verified=1
decode_steps_min=7
repetitions=3
fixture_decode_tokens_per_s=491.8320744774284
uncached_read_bytes=0
uncached_read_fallbacks=0
uncached_read_effective=0
pipelined_read_layers=63
pipeline_reads_effective=1
expert_cache_capacity_bytes=3145728
expert_cache_retained_bytes=55296
expert_cache_hits=110
expert_cache_hit_bytes=380160
expert_cache_misses=16
expert_cache_admissions=16
expert_cache_evictions=0
expert_cache_history_resets=9
expert_cache_frequency_decays=0
expert_cache_effective=1
expert_cache_recent_tie_admissions=0
prefill_read_experts=63
prefill_uncached_read_bytes=0
prefill_uncached_read_fallbacks=0
prefill_reads_effective=1
second_prediction_rank_ceiling=2
prediction_read_workers=1
second_prediction_reads_effective=0
second_prediction_read_dispatch_failures=0
second_prediction_read_read_failures=0
second_prediction_read_scheduled=0
second_prediction_read_successful=0
second_prediction_read_unused=0
second_prediction_read_unused_bytes=0
second_prediction_read_useful=0
second_prediction_read_useful_bytes=0
second_prediction_read_worker_failures=0
read_buffer_idle_limit_bytes=268435456
third_prediction_reads_effective=0
third_prediction_read_dispatch_failures=0
third_prediction_read_read_failures=0
third_prediction_read_scheduled=0
third_prediction_read_successful=0
third_prediction_read_unused=0
third_prediction_read_unused_bytes=0
third_prediction_read_useful=0
third_prediction_read_useful_bytes=0
third_prediction_read_worker_failures=0
early_prediction_reads_effective=1
prediction_read_dispatch_failures=0
prediction_read_read_failures=0
prediction_read_scheduled=16
prediction_read_successful=16
prediction_read_unused=6
prediction_read_unused_bytes=20736
prediction_read_useful=10
prediction_read_useful_bytes=34560
prediction_read_worker_failures=0
prediction_read_effective=1
