load_seconds=0.0015896
embedding_mapped=1
owned_shared_bytes=20736
full_model=0
sample_json={"case":"tiny_hf_greedy","repetition":0,"prefill_seconds":0.0114905,"decode_seconds":0.0080082,"prefill_started_unix":1789393899.8762553,"prefill_ended_unix":1789393899.887746,"decode_started_unix":1789393899.8877468,"decode_ended_unix":1789393899.8957553,"decode_steps":7,"generated_ids":[28,48,106,84,28,48,106,84]}
sample_json={"case":"tiny_hf_greedy","repetition":1,"prefill_seconds":0.0094744,"decode_seconds":0.005962,"prefill_started_unix":1789393899.8967512,"prefill_ended_unix":1789393899.9062257,"decode_started_unix":1789393899.9062264,"decode_ended_unix":1789393899.9121885,"decode_steps":7,"generated_ids":[28,48,106,84,28,48,106,84]}
sample_json={"case":"tiny_hf_greedy","repetition":2,"prefill_seconds":0.0080643,"decode_seconds":0.0061454,"prefill_started_unix":1789393899.9123635,"prefill_ended_unix":1789393899.9204283,"decode_started_unix":1789393899.9204288,"decode_ended_unix":1789393899.9265745,"decode_steps":7,"generated_ids":[28,48,106,84,28,48,106,84]}
scope=fixture_model_decode
output_hash=1f7cd0eb14a22662
correctness_verified=1
decode_steps_min=7
repetitions=3
fixture_decode_tokens_per_s=874.1040433555605
uncached_read_bytes=0
uncached_read_fallbacks=16
uncached_read_effective=0
pipelined_read_layers=63
pipeline_reads_effective=1
expert_cache_capacity_bytes=3145728
expert_cache_retained_bytes=55296
expert_cache_hits=110
expert_cache_hit_bytes=380160
expert_cache_misses=16
expert_cache_admissions=16
expert_cache_evictions=0
expert_cache_history_resets=9
expert_cache_frequency_decays=0
expert_cache_effective=1
expert_cache_recent_tie_admissions=0
prefill_read_experts=63
prefill_uncached_read_bytes=0
prefill_uncached_read_fallbacks=63
prefill_reads_effective=1
second_prediction_rank_ceiling=2
prediction_read_workers=0
second_prediction_reads_effective=0
second_prediction_read_dispatch_failures=0
second_prediction_read_read_failures=0
second_prediction_read_scheduled=0
second_prediction_read_successful=0
second_prediction_read_unused=0
second_prediction_read_unused_bytes=0
second_prediction_read_useful=0
second_prediction_read_useful_bytes=0
second_prediction_read_worker_failures=0
read_buffer_idle_limit_bytes=268435456
third_prediction_reads_effective=0
third_prediction_read_dispatch_failures=0
third_prediction_read_read_failures=0
third_prediction_read_scheduled=0
third_prediction_read_successful=0
third_prediction_read_unused=0
third_prediction_read_unused_bytes=0
third_prediction_read_useful=0
third_prediction_read_useful_bytes=0
third_prediction_read_worker_failures=0
early_prediction_reads_effective=0
prediction_read_dispatch_failures=0
prediction_read_read_failures=0
prediction_read_scheduled=0
prediction_read_successful=0
prediction_read_unused=0
prediction_read_unused_bytes=0
prediction_read_useful=0
prediction_read_useful_bytes=0
prediction_read_worker_failures=0
prediction_read_effective=0
