load_seconds=0.0014442
embedding_mapped=1
owned_shared_bytes=20736
full_model=0
sample_json={"case":"tiny_hf_greedy","repetition":0,"prefill_seconds":0.0119658,"decode_seconds":0.0084431,"prefill_started_unix":1789393899.6257443,"prefill_ended_unix":1789393899.6377106,"decode_started_unix":1789393899.6377113,"decode_ended_unix":1789393899.6461549,"decode_steps":7,"generated_ids":[28,48,106,84,28,48,106,84]}
sample_json={"case":"tiny_hf_greedy","repetition":1,"prefill_seconds":0.0097691,"decode_seconds":0.0060573,"prefill_started_unix":1789393899.646905,"prefill_ended_unix":1789393899.6566744,"decode_started_unix":1789393899.6566749,"decode_ended_unix":1789393899.6627324,"decode_steps":7,"generated_ids":[28,48,106,84,28,48,106,84]}
sample_json={"case":"tiny_hf_greedy","repetition":2,"prefill_seconds":0.00972,"decode_seconds":0.0063659,"prefill_started_unix":1789393899.6629403,"prefill_ended_unix":1789393899.6726606,"decode_started_unix":1789393899.672661,"decode_ended_unix":1789393899.6790273,"decode_steps":7,"generated_ids":[28,48,106,84,28,48,106,84]}
scope=fixture_model_decode
output_hash=1f7cd0eb14a22662
correctness_verified=1
decode_steps_min=7
repetitions=3
fixture_decode_tokens_per_s=829.0793665833639
uncached_read_bytes=0
uncached_read_fallbacks=22
uncached_read_effective=0
pipelined_read_layers=63
pipeline_reads_effective=1
expert_cache_capacity_bytes=3145728
expert_cache_retained_bytes=55296
expert_cache_hits=110
expert_cache_hit_bytes=380160
expert_cache_misses=16
expert_cache_admissions=16
expert_cache_evictions=0
expert_cache_history_resets=9
expert_cache_frequency_decays=0
expert_cache_effective=1
expert_cache_recent_tie_admissions=0
prefill_read_experts=63
prefill_uncached_read_bytes=0
prefill_uncached_read_fallbacks=63
prefill_reads_effective=1
second_prediction_rank_ceiling=2
prediction_read_workers=1
second_prediction_reads_effective=0
second_prediction_read_dispatch_failures=0
second_prediction_read_read_failures=0
second_prediction_read_scheduled=0
second_prediction_read_successful=0
second_prediction_read_unused=0
second_prediction_read_unused_bytes=0
second_prediction_read_useful=0
second_prediction_read_useful_bytes=0
second_prediction_read_worker_failures=0
read_buffer_idle_limit_bytes=268435456
third_prediction_reads_effective=0
third_prediction_read_dispatch_failures=0
third_prediction_read_read_failures=0
third_prediction_read_scheduled=0
third_prediction_read_successful=0
third_prediction_read_unused=0
third_prediction_read_unused_bytes=0
third_prediction_read_useful=0
third_prediction_read_useful_bytes=0
third_prediction_read_worker_failures=0
early_prediction_reads_effective=1
prediction_read_dispatch_failures=0
prediction_read_read_failures=0
prediction_read_scheduled=16
prediction_read_successful=16
prediction_read_unused=6
prediction_read_unused_bytes=20736
prediction_read_useful=10
prediction_read_useful_bytes=34560
prediction_read_worker_failures=0
prediction_read_effective=1
