load_seconds=0.0016344
embedding_mapped=1
owned_shared_bytes=20736
full_model=0
sample_json={"case":"tiny_hf_greedy","repetition":0,"prefill_seconds":0.0118026,"decode_seconds":0.0070761,"prefill_started_unix":1789393898.869163,"prefill_ended_unix":1789393898.8809657,"decode_started_unix":1789393898.8809662,"decode_ended_unix":1789393898.8880427,"decode_steps":7,"generated_ids":[28,48,106,84,28,48,106,84]}
sample_json={"case":"tiny_hf_greedy","repetition":1,"prefill_seconds":0.0105717,"decode_seconds":0.0069984,"prefill_started_unix":1789393898.8887439,"prefill_ended_unix":1789393898.8993158,"decode_started_unix":1789393898.8993165,"decode_ended_unix":1789393898.906315,"decode_steps":7,"generated_ids":[28,48,106,84,28,48,106,84]}
sample_json={"case":"tiny_hf_greedy","repetition":2,"prefill_seconds":0.009558,"decode_seconds":0.0066986,"prefill_started_unix":1789393898.906516,"prefill_ended_unix":1789393898.9160745,"decode_started_unix":1789393898.916075,"decode_ended_unix":1789393898.9227738,"decode_steps":7,"generated_ids":[28,48,106,84,28,48,106,84]}
scope=fixture_model_decode
output_hash=1f7cd0eb14a22662
correctness_verified=1
decode_steps_min=7
repetitions=3
fixture_decode_tokens_per_s=989.2454883339693
uncached_read_bytes=0
uncached_read_fallbacks=19
uncached_read_effective=0
pipelined_read_layers=63
pipeline_reads_effective=1
expert_cache_capacity_bytes=3145728
expert_cache_retained_bytes=55296
expert_cache_hits=110
expert_cache_hit_bytes=380160
expert_cache_misses=16
expert_cache_admissions=16
expert_cache_evictions=0
expert_cache_history_resets=9
expert_cache_frequency_decays=0
expert_cache_effective=1
expert_cache_recent_tie_admissions=0
prefill_read_experts=63
prefill_uncached_read_bytes=0
prefill_uncached_read_fallbacks=63
prefill_reads_effective=1
second_prediction_rank_ceiling=1
prediction_read_workers=2
second_prediction_reads_effective=1
second_prediction_read_dispatch_failures=0
second_prediction_read_read_failures=0
second_prediction_read_scheduled=6
second_prediction_read_successful=6
second_prediction_read_unused=1
second_prediction_read_unused_bytes=3456
second_prediction_read_useful=5
second_prediction_read_useful_bytes=17280
second_prediction_read_worker_failures=0
read_buffer_idle_limit_bytes=268435456
third_prediction_reads_effective=0
third_prediction_read_dispatch_failures=0
third_prediction_read_read_failures=0
third_prediction_read_scheduled=0
third_prediction_read_successful=0
third_prediction_read_unused=0
third_prediction_read_unused_bytes=0
third_prediction_read_useful=0
third_prediction_read_useful_bytes=0
third_prediction_read_worker_failures=0
early_prediction_reads_effective=0
prediction_read_dispatch_failures=0
prediction_read_read_failures=0
prediction_read_scheduled=19
prediction_read_successful=19
prediction_read_unused=3
prediction_read_unused_bytes=10368
prediction_read_useful=16
prediction_read_useful_bytes=55296
prediction_read_worker_failures=0
prediction_read_effective=1
