load_seconds=16.2570458
embedding_mapped=1
owned_shared_bytes=4076863488
full_model=1
sample_json={"case":"water_cycle","repetition":0,"prefill_seconds":24.201625,"decode_seconds":55.3478115,"prefill_started_unix":1789394240.7100635,"prefill_ended_unix":1789394264.9116905,"decode_started_unix":1789394264.9124084,"decode_ended_unix":1789394320.2602222,"decode_steps":63,"generated_ids":[200004,16,13,623,7334,130824,22410,328,3411,1299,101882,11,60387,11,326,54935,11,24297,20032,3411,316,3716,1511,49667,3411,46102,13,1328,2273,382,4358,172012,11,326,480,40246,36036,26555,1511,290,22137,364,17,13,1877,290,3411,46102,67628,7266,1511,290,17307,11,480,8157,82,326,55580,1602,1511,20049,20032,177617]}
sample_json={"case":"binary_search","repetition":0,"prefill_seconds":25.0973602,"decode_seconds":56.6397955,"prefill_started_unix":1789394320.2610886,"prefill_ended_unix":1789394345.3584497,"decode_started_unix":1789394345.3594034,"decode_ended_unix":1789394401.9991999,"decode_steps":63,"generated_ids":[200004,410,25872,3684,410,382,448,12430,22184,395,12129,261,4857,1432,350,3086,425,10857,8162,3518,261,20099,5801,13,21050,328,19141,1753,3577,1001,23541,28925,11,480,45605,144028,290,3684,4918,306,6375,364,103995,31639,220,16,13,16309,4744,394,40977,198,2653,15600,3684,316,1101,20323,11,290,1238,2804,413,734]}
sample_json={"case":"short_story","repetition":0,"prefill_seconds":24.0682844,"decode_seconds":55.0111003,"prefill_started_unix":1789394401.9998832,"prefill_ended_unix":1789394426.0681684,"decode_started_unix":1789394426.0691247,"decode_ended_unix":1789394481.0802271,"decode_steps":63,"generated_ids":[200004,976,21975,18157,483,290,69214,11,31313,5083,2870,24266,359,1084,35257,540,290,180069,802,3611,13,137034,11,86333,395,37650,2101,11,20418,290,8851,11022,10731,2322,493,2222,11,17154,2887,8193,11,37361,483,11485,5960,12848,656,16345,326,1058,364,38621,11,290,6651,673,9952,11,6692,88658,10701,13,623,22045]}
scope=full_large_model_decode
output_hash=ce0fbb9a116d3d09
correctness_verified=1
decode_steps_min=63
repetitions=1
decode_tokens_per_s=1.1122921515491702
uncached_read_bytes=1289244377088
uncached_read_fallbacks=0
uncached_read_effective=1
pipelined_read_layers=12096
pipeline_reads_effective=1
expert_cache_capacity_bytes=17179869184
expert_cache_retained_bytes=16309550592
expert_cache_hits=33257
expert_cache_hit_bytes=1059251945472
expert_cache_misses=39319
expert_cache_admissions=26816
expert_cache_evictions=26304
expert_cache_history_resets=192
expert_cache_frequency_decays=2112
expert_cache_effective=1
expert_cache_recent_tie_admissions=20015
prefill_read_experts=13635
prefill_uncached_read_bytes=434281512960
prefill_uncached_read_fallbacks=0
prefill_reads_effective=1
second_prediction_rank_ceiling=2
prediction_read_workers=3
second_prediction_reads_effective=1
second_prediction_read_dispatch_failures=0
second_prediction_read_read_failures=0
second_prediction_read_scheduled=5814
second_prediction_read_successful=5814
second_prediction_read_unused=303
second_prediction_read_unused_bytes=9650700288
second_prediction_read_useful=5511
second_prediction_read_useful_bytes=175528083456
second_prediction_read_worker_failures=0
read_buffer_idle_limit_bytes=335544320
third_prediction_reads_effective=1
third_prediction_read_dispatch_failures=0
third_prediction_read_read_failures=0
third_prediction_read_scheduled=2058
third_prediction_read_successful=2058
third_prediction_read_unused=288
third_prediction_read_unused_bytes=9172942848
third_prediction_read_useful=1770
third_prediction_read_useful_bytes=56375377920
third_prediction_read_worker_failures=0
early_prediction_reads_effective=0
prediction_read_dispatch_failures=0
prediction_read_read_failures=0
prediction_read_scheduled=19778
prediction_read_successful=19778
prediction_read_unused=1159
prediction_read_unused_bytes=36914724864
prediction_read_useful=18619
prediction_read_useful_bytes=593024385024
prediction_read_worker_failures=0
prediction_read_effective=1
