load_seconds=0.001917708
embedding_mapped=1
owned_shared_bytes=20736
full_model=0
sample_json={"case":"tiny_hf_greedy","repetition":0,"prefill_seconds":0.020540625,"decode_seconds":0.014425625,"prefill_started_unix":1789396005.365487,"prefill_ended_unix":1789396005.386028,"decode_started_unix":1789396005.386035,"decode_ended_unix":1789396005.400461,"decode_steps":7,"generated_ids":[28,48,106,84,28,48,106,84]}
sample_json={"case":"tiny_hf_greedy","repetition":1,"prefill_seconds":0.020699708,"decode_seconds":0.014082708,"prefill_started_unix":1789396005.400496,"prefill_ended_unix":1789396005.421196,"decode_started_unix":1789396005.421202,"decode_ended_unix":1789396005.435285,"decode_steps":7,"generated_ids":[28,48,106,84,28,48,106,84]}
sample_json={"case":"tiny_hf_greedy","repetition":2,"prefill_seconds":0.020653791,"decode_seconds":0.013869875,"prefill_started_unix":1789396005.435308,"prefill_ended_unix":1789396005.455962,"decode_started_unix":1789396005.455969,"decode_ended_unix":1789396005.469839,"decode_steps":7,"generated_ids":[28,48,106,84,28,48,106,84]}
scope=fixture_model_decode
output_hash=5122e042f9b1fb30
correctness_verified=1
decode_steps_min=7
repetitions=3
fixture_decode_tokens_per_s=485.2476062562281
uncached_read_bytes=0
uncached_read_fallbacks=0
uncached_read_effective=0
pipelined_read_layers=63
pipeline_reads_effective=1
expert_cache_capacity_bytes=3145728
expert_cache_retained_bytes=55296
expert_cache_hits=110
expert_cache_hit_bytes=380160
expert_cache_misses=16
expert_cache_admissions=16
expert_cache_evictions=0
expert_cache_history_resets=9
expert_cache_frequency_decays=0
expert_cache_effective=1
expert_cache_recent_tie_admissions=0
prefill_read_experts=63
prefill_uncached_read_bytes=0
prefill_uncached_read_fallbacks=0
prefill_reads_effective=1
second_prediction_rank_ceiling=2
prediction_read_workers=2
second_prediction_reads_effective=1
second_prediction_read_dispatch_failures=0
second_prediction_read_read_failures=0
second_prediction_read_scheduled=6
second_prediction_read_successful=6
second_prediction_read_unused=1
second_prediction_read_unused_bytes=3456
second_prediction_read_useful=5
second_prediction_read_useful_bytes=17280
second_prediction_read_worker_failures=0
read_buffer_idle_limit_bytes=268435456
bf16_gemv_min_rows_configured=64
third_prediction_reads_effective=0
third_prediction_read_dispatch_failures=0
third_prediction_read_read_failures=0
third_prediction_read_scheduled=0
third_prediction_read_successful=0
third_prediction_read_unused=0
third_prediction_read_unused_bytes=0
third_prediction_read_useful=0
third_prediction_read_useful_bytes=0
third_prediction_read_worker_failures=0
early_prediction_reads_effective=0
prediction_read_dispatch_failures=0
prediction_read_read_failures=0
prediction_read_scheduled=19
prediction_read_successful=19
prediction_read_unused=3
prediction_read_unused_bytes=10368
prediction_read_useful=16
prediction_read_useful_bytes=55296
prediction_read_worker_failures=0
prediction_read_effective=1
