load_seconds=0.002663834
embedding_mapped=1
owned_shared_bytes=20736
full_model=0
sample_json={"case":"tiny_top3_legacy","repetition":0,"prefill_seconds":0.022343458,"decode_seconds":0.014819958,"prefill_started_unix":1789396006.076153,"prefill_ended_unix":1789396006.098497,"decode_started_unix":1789396006.098504,"decode_ended_unix":1789396006.113324,"decode_steps":7,"generated_ids":[28,48,106,84,28,48,106,84]}
sample_json={"case":"tiny_top3_legacy","repetition":1,"prefill_seconds":0.021709334,"decode_seconds":0.0151495,"prefill_started_unix":1789396006.113345,"prefill_ended_unix":1789396006.135054,"decode_started_unix":1789396006.135061,"decode_ended_unix":1789396006.15021,"decode_steps":7,"generated_ids":[28,48,106,84,28,48,106,84]}
sample_json={"case":"tiny_top3_legacy","repetition":2,"prefill_seconds":0.021427042,"decode_seconds":0.015094291,"prefill_started_unix":1789396006.150228,"prefill_ended_unix":1789396006.171656,"decode_started_unix":1789396006.171662,"decode_ended_unix":1789396006.186757,"decode_steps":7,"generated_ids":[28,48,106,84,28,48,106,84]}
scope=fixture_model_decode
output_hash=cab94449a78517d3
correctness_verified=1
decode_steps_min=7
repetitions=3
fixture_decode_tokens_per_s=462.0614541734051
uncached_read_bytes=0
uncached_read_fallbacks=0
uncached_read_effective=0
pipelined_read_layers=63
pipeline_reads_effective=1
expert_cache_capacity_bytes=3145728
expert_cache_retained_bytes=69120
expert_cache_hits=169
expert_cache_hit_bytes=584064
expert_cache_misses=20
expert_cache_admissions=20
expert_cache_evictions=0
expert_cache_history_resets=9
expert_cache_frequency_decays=0
expert_cache_effective=1
expert_cache_recent_tie_admissions=0
prefill_read_experts=72
prefill_uncached_read_bytes=0
prefill_uncached_read_fallbacks=0
prefill_reads_effective=1
second_prediction_rank_ceiling=2
prediction_read_workers=3
second_prediction_reads_effective=1
second_prediction_read_dispatch_failures=0
second_prediction_read_read_failures=0
second_prediction_read_scheduled=6
second_prediction_read_successful=6
second_prediction_read_unused=0
second_prediction_read_unused_bytes=0
second_prediction_read_useful=6
second_prediction_read_useful_bytes=20736
second_prediction_read_worker_failures=0
read_buffer_idle_limit_bytes=335544320
bf16_gemv_min_rows_configured=32
third_prediction_reads_effective=1
third_prediction_read_dispatch_failures=0
third_prediction_read_read_failures=0
third_prediction_read_scheduled=3
third_prediction_read_successful=3
third_prediction_read_unused=0
third_prediction_read_unused_bytes=0
third_prediction_read_useful=3
third_prediction_read_useful_bytes=10368
third_prediction_read_worker_failures=0
early_prediction_reads_effective=0
prediction_read_dispatch_failures=0
prediction_read_read_failures=0
prediction_read_scheduled=20
prediction_read_successful=20
prediction_read_unused=0
prediction_read_unused_bytes=0
prediction_read_useful=20
prediction_read_useful_bytes=69120
prediction_read_worker_failures=0
prediction_read_effective=1
